Copyright 1986-2022 Xilinx, Inc. All Rights Reserved. Copyright 2022-2023 Advanced Micro Devices, Inc. All Rights Reserved.
------------------------------------------------------------------------------------------------------------------------------------------------------------------------------------------------------
| Tool Version : Vivado v.2023.1 (win64) Build 3865809 Sun May  7 15:05:29 MDT 2023
| Date         : Wed Apr  8 16:37:54 2026
| Host         : YaseenLaptop running 64-bit major release  (build 9200)
| Command      : report_timing_summary -max_paths 10 -report_unconstrained -file cpu_timing_summary_routed.rpt -pb cpu_timing_summary_routed.pb -rpx cpu_timing_summary_routed.rpx -warn_on_violation
| Design       : cpu
| Device       : 7s50-csga324
| Speed File   : -1  PRODUCTION 1.23 2018-06-13
| Design State : Routed
------------------------------------------------------------------------------------------------------------------------------------------------------------------------------------------------------

Timing Summary Report

------------------------------------------------------------------------------------------------
| Timer Settings
| --------------
------------------------------------------------------------------------------------------------

  Enable Multi Corner Analysis               :  Yes
  Enable Pessimism Removal                   :  Yes
  Pessimism Removal Resolution               :  Nearest Common Node
  Enable Input Delay Default Clock           :  No
  Enable Preset / Clear Arcs                 :  No
  Disable Flight Delays                      :  No
  Ignore I/O Paths                           :  No
  Timing Early Launch at Borrowing Latches   :  No
  Borrow Time for Max Delay Exceptions       :  Yes
  Merge Timing Exceptions                    :  Yes

  Corner  Analyze    Analyze    
  Name    Max Paths  Min Paths  
  ------  ---------  ---------  
  Slow    Yes        Yes        
  Fast    Yes        Yes        


------------------------------------------------------------------------------------------------
| Report Methodology
| ------------------
------------------------------------------------------------------------------------------------

Rule       Severity          Description                                                       Violations  
---------  ----------------  ----------------------------------------------------------------  ----------  
TIMING-17  Critical Warning  Non-clocked sequential cell                                       93          
CKLD-2     Warning           Clock Net has IO Driver, not a Clock Buf, and/or non-Clock loads  1           

Note: This report is based on the most recent report_methodology run and may not be up-to-date. Run report_methodology on the current design for the latest report.



check_timing report

Table of Contents
-----------------
1. checking no_clock (93)
2. checking constant_clock (0)
3. checking pulse_width_clock (0)
4. checking unconstrained_internal_endpoints (301)
5. checking no_input_delay (17)
6. checking no_output_delay (16)
7. checking multiple_clock (0)
8. checking generated_clocks (0)
9. checking loops (0)
10. checking partial_input_delay (0)
11. checking partial_output_delay (0)
12. checking latch_loops (0)

1. checking no_clock (93)
-------------------------
 There are 93 register/latch pins with no clock driven by root clock pin: clk (HIGH)


2. checking constant_clock (0)
------------------------------
 There are 0 register/latch pins with constant_clock.


3. checking pulse_width_clock (0)
---------------------------------
 There are 0 register/latch pins which need pulse_width check


4. checking unconstrained_internal_endpoints (301)
--------------------------------------------------
 There are 301 pins that are not constrained for maximum delay. (HIGH)

 There are 0 pins that are not constrained for maximum delay due to constant clock.


5. checking no_input_delay (17)
-------------------------------
 There are 17 input ports with no input delay specified. (HIGH)

 There are 0 input ports with no input delay but user has a false path constraint.


6. checking no_output_delay (16)
--------------------------------
 There are 16 ports with no output delay specified. (HIGH)

 There are 0 ports with no output delay but user has a false path constraint

 There are 0 ports with no output delay but with a timing clock defined on it or propagating through it


7. checking multiple_clock (0)
------------------------------
 There are 0 register/latch pins with multiple clocks.


8. checking generated_clocks (0)
--------------------------------
 There are 0 generated clocks that are not connected to a clock source.


9. checking loops (0)
---------------------
 There are 0 combinational loops in the design.


10. checking partial_input_delay (0)
------------------------------------
 There are 0 input ports with partial input delay specified.


11. checking partial_output_delay (0)
-------------------------------------
 There are 0 ports with partial output delay specified.


12. checking latch_loops (0)
----------------------------
 There are 0 combinational latch loops in the design through latch input



------------------------------------------------------------------------------------------------
| Design Timing Summary
| ---------------------
------------------------------------------------------------------------------------------------

    WNS(ns)      TNS(ns)  TNS Failing Endpoints  TNS Total Endpoints      WHS(ns)      THS(ns)  THS Failing Endpoints  THS Total Endpoints     WPWS(ns)     TPWS(ns)  TPWS Failing Endpoints  TPWS Total Endpoints  
    -------      -------  ---------------------  -------------------      -------      -------  ---------------------  -------------------     --------     --------  ----------------------  --------------------  
        inf        0.000                      0                  317          inf        0.000                      0                  317           NA           NA                      NA                    NA  


There are no user specified timing constraints.


------------------------------------------------------------------------------------------------
| Clock Summary
| -------------
------------------------------------------------------------------------------------------------


------------------------------------------------------------------------------------------------
| Intra Clock Table
| -----------------
------------------------------------------------------------------------------------------------

Clock             WNS(ns)      TNS(ns)  TNS Failing Endpoints  TNS Total Endpoints      WHS(ns)      THS(ns)  THS Failing Endpoints  THS Total Endpoints     WPWS(ns)     TPWS(ns)  TPWS Failing Endpoints  TPWS Total Endpoints  
-----             -------      -------  ---------------------  -------------------      -------      -------  ---------------------  -------------------     --------     --------  ----------------------  --------------------  


------------------------------------------------------------------------------------------------
| Inter Clock Table
| -----------------
------------------------------------------------------------------------------------------------

From Clock    To Clock          WNS(ns)      TNS(ns)  TNS Failing Endpoints  TNS Total Endpoints      WHS(ns)      THS(ns)  THS Failing Endpoints  THS Total Endpoints  
----------    --------          -------      -------  ---------------------  -------------------      -------      -------  ---------------------  -------------------  


------------------------------------------------------------------------------------------------
| Other Path Groups Table
| -----------------------
------------------------------------------------------------------------------------------------

Path Group    From Clock    To Clock          WNS(ns)      TNS(ns)  TNS Failing Endpoints  TNS Total Endpoints      WHS(ns)      THS(ns)  THS Failing Endpoints  THS Total Endpoints  
----------    ----------    --------          -------      -------  ---------------------  -------------------      -------      -------  ---------------------  -------------------  


------------------------------------------------------------------------------------------------
| User Ignored Path Table
| -----------------------
------------------------------------------------------------------------------------------------

Path Group    From Clock    To Clock    
----------    ----------    --------    


------------------------------------------------------------------------------------------------
| Unconstrained Path Table
| ------------------------
------------------------------------------------------------------------------------------------

Path Group    From Clock    To Clock    
----------    ----------    --------    
(none)                                    


------------------------------------------------------------------------------------------------
| Timing Details
| --------------
------------------------------------------------------------------------------------------------


--------------------------------------------------------------------------------------
Path Group:  (none)
From Clock:  
  To Clock:  

Max Delay           317 Endpoints
Min Delay           317 Endpoints
--------------------------------------------------------------------------------------


Max Delay Paths
--------------------------------------------------------------------------------------
Slack:                    inf
  Source:                 IR_reg[2]/C
                            (rising edge-triggered cell FDCE)
  Destination:            PC_reg[0]/CE
  Path Group:             (none)
  Path Type:              Max at Slow Process Corner
  Data Path Delay:        11.475ns  (logic 3.019ns (26.310%)  route 8.456ns (73.690%))
  Logic Levels:           12  (CARRY4=2 FDCE=1 LUT2=1 LUT3=2 LUT4=1 LUT6=5)

    Location             Delay type                Incr(ns)  Path(ns)    Netlist Resource(s)
  -------------------------------------------------------------------    -------------------
    SLICE_X63Y42         FDCE                         0.000     0.000 r  IR_reg[2]/C
    SLICE_X63Y42         FDCE (Prop_fdce_C_Q)         0.456     0.456 r  IR_reg[2]/Q
                         net (fo=11, routed)          0.668     1.124    U2/Q[2]
    SLICE_X63Y42         LUT3 (Prop_lut3_I2_O)        0.152     1.276 r  U2/minusOp_carry_i_16/O
                         net (fo=2, routed)           0.841     2.117    U2/minusOp_carry_i_16_n_0
    SLICE_X62Y42         LUT6 (Prop_lut6_I5_O)        0.326     2.443 r  U2/minusOp_carry_i_11/O
                         net (fo=8, routed)           1.422     3.864    U2/minusOp_carry_i_11_n_0
    SLICE_X60Y40         LUT6 (Prop_lut6_I3_O)        0.124     3.988 r  U2/minusOp_carry_i_3/O
                         net (fo=10, routed)          0.678     4.666    U1/ALU_A[1]
    SLICE_X61Y40         LUT3 (Prop_lut3_I0_O)        0.124     4.790 r  U1/minusOp_carry_i_7/O
                         net (fo=1, routed)           0.000     4.790    U1/minusOp_carry_i_7_n_0
    SLICE_X61Y40         CARRY4 (Prop_carry4_S[1]_CO[3])
                                                      0.550     5.340 r  U1/minusOp_carry/CO[3]
                         net (fo=1, routed)           0.000     5.340    U1/minusOp_carry_n_0
    SLICE_X61Y41         CARRY4 (Prop_carry4_CI_O[2])
                                                      0.239     5.579 f  U1/minusOp_carry__0/O[2]
                         net (fo=1, routed)           0.842     6.421    U1/minusOp_carry__0_n_5
    SLICE_X63Y41         LUT6 (Prop_lut6_I5_O)        0.302     6.723 f  U1/U1_i_56/O
                         net (fo=1, routed)           0.818     7.540    U1/U1_i_56_n_0
    SLICE_X64Y40         LUT4 (Prop_lut4_I2_O)        0.124     7.664 f  U1/U1_i_26/O
                         net (fo=1, routed)           0.593     8.257    U1/U1_i_26_n_0
    SLICE_X64Y41         LUT6 (Prop_lut6_I2_O)        0.124     8.381 f  U1/U1_i_12/O
                         net (fo=14, routed)          0.836     9.217    U1/DATA[5]
    SLICE_X64Y44         LUT2 (Prop_lut2_I1_O)        0.150     9.367 f  U1/FSM_sequential_CurrState[1]_i_2/O
                         net (fo=3, routed)           0.829    10.196    U1/FSM_sequential_CurrState[1]_i_2_n_0
    SLICE_X63Y44         LUT6 (Prop_lut6_I3_O)        0.348    10.544 r  U1/PC[8]_i_1/O
                         net (fo=9, routed)           0.931    11.475    PC
    SLICE_X63Y44         FDCE                                         r  PC_reg[0]/CE
  -------------------------------------------------------------------    -------------------

Slack:                    inf
  Source:                 IR_reg[2]/C
                            (rising edge-triggered cell FDCE)
  Destination:            PC_reg[5]/CE
  Path Group:             (none)
  Path Type:              Max at Slow Process Corner
  Data Path Delay:        11.475ns  (logic 3.019ns (26.310%)  route 8.456ns (73.690%))
  Logic Levels:           12  (CARRY4=2 FDCE=1 LUT2=1 LUT3=2 LUT4=1 LUT6=5)

    Location             Delay type                Incr(ns)  Path(ns)    Netlist Resource(s)
  -------------------------------------------------------------------    -------------------
    SLICE_X63Y42         FDCE                         0.000     0.000 r  IR_reg[2]/C
    SLICE_X63Y42         FDCE (Prop_fdce_C_Q)         0.456     0.456 r  IR_reg[2]/Q
                         net (fo=11, routed)          0.668     1.124    U2/Q[2]
    SLICE_X63Y42         LUT3 (Prop_lut3_I2_O)        0.152     1.276 r  U2/minusOp_carry_i_16/O
                         net (fo=2, routed)           0.841     2.117    U2/minusOp_carry_i_16_n_0
    SLICE_X62Y42         LUT6 (Prop_lut6_I5_O)        0.326     2.443 r  U2/minusOp_carry_i_11/O
                         net (fo=8, routed)           1.422     3.864    U2/minusOp_carry_i_11_n_0
    SLICE_X60Y40         LUT6 (Prop_lut6_I3_O)        0.124     3.988 r  U2/minusOp_carry_i_3/O
                         net (fo=10, routed)          0.678     4.666    U1/ALU_A[1]
    SLICE_X61Y40         LUT3 (Prop_lut3_I0_O)        0.124     4.790 r  U1/minusOp_carry_i_7/O
                         net (fo=1, routed)           0.000     4.790    U1/minusOp_carry_i_7_n_0
    SLICE_X61Y40         CARRY4 (Prop_carry4_S[1]_CO[3])
                                                      0.550     5.340 r  U1/minusOp_carry/CO[3]
                         net (fo=1, routed)           0.000     5.340    U1/minusOp_carry_n_0
    SLICE_X61Y41         CARRY4 (Prop_carry4_CI_O[2])
                                                      0.239     5.579 f  U1/minusOp_carry__0/O[2]
                         net (fo=1, routed)           0.842     6.421    U1/minusOp_carry__0_n_5
    SLICE_X63Y41         LUT6 (Prop_lut6_I5_O)        0.302     6.723 f  U1/U1_i_56/O
                         net (fo=1, routed)           0.818     7.540    U1/U1_i_56_n_0
    SLICE_X64Y40         LUT4 (Prop_lut4_I2_O)        0.124     7.664 f  U1/U1_i_26/O
                         net (fo=1, routed)           0.593     8.257    U1/U1_i_26_n_0
    SLICE_X64Y41         LUT6 (Prop_lut6_I2_O)        0.124     8.381 f  U1/U1_i_12/O
                         net (fo=14, routed)          0.836     9.217    U1/DATA[5]
    SLICE_X64Y44         LUT2 (Prop_lut2_I1_O)        0.150     9.367 f  U1/FSM_sequential_CurrState[1]_i_2/O
                         net (fo=3, routed)           0.829    10.196    U1/FSM_sequential_CurrState[1]_i_2_n_0
    SLICE_X63Y44         LUT6 (Prop_lut6_I3_O)        0.348    10.544 r  U1/PC[8]_i_1/O
                         net (fo=9, routed)           0.931    11.475    PC
    SLICE_X63Y44         FDCE                                         r  PC_reg[5]/CE
  -------------------------------------------------------------------    -------------------

Slack:                    inf
  Source:                 IR_reg[2]/C
                            (rising edge-triggered cell FDCE)
  Destination:            temp_reg[28]/CE
  Path Group:             (none)
  Path Type:              Max at Slow Process Corner
  Data Path Delay:        11.138ns  (logic 3.019ns (27.105%)  route 8.119ns (72.895%))
  Logic Levels:           12  (CARRY4=2 FDCE=1 LUT2=1 LUT3=2 LUT4=1 LUT6=5)

    Location             Delay type                Incr(ns)  Path(ns)    Netlist Resource(s)
  -------------------------------------------------------------------    -------------------
    SLICE_X63Y42         FDCE                         0.000     0.000 r  IR_reg[2]/C
    SLICE_X63Y42         FDCE (Prop_fdce_C_Q)         0.456     0.456 r  IR_reg[2]/Q
                         net (fo=11, routed)          0.668     1.124    U2/Q[2]
    SLICE_X63Y42         LUT3 (Prop_lut3_I2_O)        0.152     1.276 r  U2/minusOp_carry_i_16/O
                         net (fo=2, routed)           0.841     2.117    U2/minusOp_carry_i_16_n_0
    SLICE_X62Y42         LUT6 (Prop_lut6_I5_O)        0.326     2.443 r  U2/minusOp_carry_i_11/O
                         net (fo=8, routed)           1.422     3.864    U2/minusOp_carry_i_11_n_0
    SLICE_X60Y40         LUT6 (Prop_lut6_I3_O)        0.124     3.988 r  U2/minusOp_carry_i_3/O
                         net (fo=10, routed)          0.678     4.666    U1/ALU_A[1]
    SLICE_X61Y40         LUT3 (Prop_lut3_I0_O)        0.124     4.790 r  U1/minusOp_carry_i_7/O
                         net (fo=1, routed)           0.000     4.790    U1/minusOp_carry_i_7_n_0
    SLICE_X61Y40         CARRY4 (Prop_carry4_S[1]_CO[3])
                                                      0.550     5.340 r  U1/minusOp_carry/CO[3]
                         net (fo=1, routed)           0.000     5.340    U1/minusOp_carry_n_0
    SLICE_X61Y41         CARRY4 (Prop_carry4_CI_O[2])
                                                      0.239     5.579 f  U1/minusOp_carry__0/O[2]
                         net (fo=1, routed)           0.842     6.421    U1/minusOp_carry__0_n_5
    SLICE_X63Y41         LUT6 (Prop_lut6_I5_O)        0.302     6.723 f  U1/U1_i_56/O
                         net (fo=1, routed)           0.818     7.540    U1/U1_i_56_n_0
    SLICE_X64Y40         LUT4 (Prop_lut4_I2_O)        0.124     7.664 f  U1/U1_i_26/O
                         net (fo=1, routed)           0.593     8.257    U1/U1_i_26_n_0
    SLICE_X64Y41         LUT6 (Prop_lut6_I2_O)        0.124     8.381 f  U1/U1_i_12/O
                         net (fo=14, routed)          0.836     9.217    U1/DATA[5]
    SLICE_X64Y44         LUT2 (Prop_lut2_I1_O)        0.150     9.367 f  U1/FSM_sequential_CurrState[1]_i_2/O
                         net (fo=3, routed)           0.592     9.959    U1/FSM_sequential_CurrState[1]_i_2_n_0
    SLICE_X63Y44         LUT6 (Prop_lut6_I5_O)        0.348    10.307 r  U1/temp[0]_i_1/O
                         net (fo=32, routed)          0.831    11.138    temp
    SLICE_X62Y50         FDCE                                         r  temp_reg[28]/CE
  -------------------------------------------------------------------    -------------------

Slack:                    inf
  Source:                 IR_reg[2]/C
                            (rising edge-triggered cell FDCE)
  Destination:            temp_reg[29]/CE
  Path Group:             (none)
  Path Type:              Max at Slow Process Corner
  Data Path Delay:        11.138ns  (logic 3.019ns (27.105%)  route 8.119ns (72.895%))
  Logic Levels:           12  (CARRY4=2 FDCE=1 LUT2=1 LUT3=2 LUT4=1 LUT6=5)

    Location             Delay type                Incr(ns)  Path(ns)    Netlist Resource(s)
  -------------------------------------------------------------------    -------------------
    SLICE_X63Y42         FDCE                         0.000     0.000 r  IR_reg[2]/C
    SLICE_X63Y42         FDCE (Prop_fdce_C_Q)         0.456     0.456 r  IR_reg[2]/Q
                         net (fo=11, routed)          0.668     1.124    U2/Q[2]
    SLICE_X63Y42         LUT3 (Prop_lut3_I2_O)        0.152     1.276 r  U2/minusOp_carry_i_16/O
                         net (fo=2, routed)           0.841     2.117    U2/minusOp_carry_i_16_n_0
    SLICE_X62Y42         LUT6 (Prop_lut6_I5_O)        0.326     2.443 r  U2/minusOp_carry_i_11/O
                         net (fo=8, routed)           1.422     3.864    U2/minusOp_carry_i_11_n_0
    SLICE_X60Y40         LUT6 (Prop_lut6_I3_O)        0.124     3.988 r  U2/minusOp_carry_i_3/O
                         net (fo=10, routed)          0.678     4.666    U1/ALU_A[1]
    SLICE_X61Y40         LUT3 (Prop_lut3_I0_O)        0.124     4.790 r  U1/minusOp_carry_i_7/O
                         net (fo=1, routed)           0.000     4.790    U1/minusOp_carry_i_7_n_0
    SLICE_X61Y40         CARRY4 (Prop_carry4_S[1]_CO[3])
                                                      0.550     5.340 r  U1/minusOp_carry/CO[3]
                         net (fo=1, routed)           0.000     5.340    U1/minusOp_carry_n_0
    SLICE_X61Y41         CARRY4 (Prop_carry4_CI_O[2])
                                                      0.239     5.579 f  U1/minusOp_carry__0/O[2]
                         net (fo=1, routed)           0.842     6.421    U1/minusOp_carry__0_n_5
    SLICE_X63Y41         LUT6 (Prop_lut6_I5_O)        0.302     6.723 f  U1/U1_i_56/O
                         net (fo=1, routed)           0.818     7.540    U1/U1_i_56_n_0
    SLICE_X64Y40         LUT4 (Prop_lut4_I2_O)        0.124     7.664 f  U1/U1_i_26/O
                         net (fo=1, routed)           0.593     8.257    U1/U1_i_26_n_0
    SLICE_X64Y41         LUT6 (Prop_lut6_I2_O)        0.124     8.381 f  U1/U1_i_12/O
                         net (fo=14, routed)          0.836     9.217    U1/DATA[5]
    SLICE_X64Y44         LUT2 (Prop_lut2_I1_O)        0.150     9.367 f  U1/FSM_sequential_CurrState[1]_i_2/O
                         net (fo=3, routed)           0.592     9.959    U1/FSM_sequential_CurrState[1]_i_2_n_0
    SLICE_X63Y44         LUT6 (Prop_lut6_I5_O)        0.348    10.307 r  U1/temp[0]_i_1/O
                         net (fo=32, routed)          0.831    11.138    temp
    SLICE_X62Y50         FDCE                                         r  temp_reg[29]/CE
  -------------------------------------------------------------------    -------------------

Slack:                    inf
  Source:                 IR_reg[2]/C
                            (rising edge-triggered cell FDCE)
  Destination:            temp_reg[30]/CE
  Path Group:             (none)
  Path Type:              Max at Slow Process Corner
  Data Path Delay:        11.138ns  (logic 3.019ns (27.105%)  route 8.119ns (72.895%))
  Logic Levels:           12  (CARRY4=2 FDCE=1 LUT2=1 LUT3=2 LUT4=1 LUT6=5)

    Location             Delay type                Incr(ns)  Path(ns)    Netlist Resource(s)
  -------------------------------------------------------------------    -------------------
    SLICE_X63Y42         FDCE                         0.000     0.000 r  IR_reg[2]/C
    SLICE_X63Y42         FDCE (Prop_fdce_C_Q)         0.456     0.456 r  IR_reg[2]/Q
                         net (fo=11, routed)          0.668     1.124    U2/Q[2]
    SLICE_X63Y42         LUT3 (Prop_lut3_I2_O)        0.152     1.276 r  U2/minusOp_carry_i_16/O
                         net (fo=2, routed)           0.841     2.117    U2/minusOp_carry_i_16_n_0
    SLICE_X62Y42         LUT6 (Prop_lut6_I5_O)        0.326     2.443 r  U2/minusOp_carry_i_11/O
                         net (fo=8, routed)           1.422     3.864    U2/minusOp_carry_i_11_n_0
    SLICE_X60Y40         LUT6 (Prop_lut6_I3_O)        0.124     3.988 r  U2/minusOp_carry_i_3/O
                         net (fo=10, routed)          0.678     4.666    U1/ALU_A[1]
    SLICE_X61Y40         LUT3 (Prop_lut3_I0_O)        0.124     4.790 r  U1/minusOp_carry_i_7/O
                         net (fo=1, routed)           0.000     4.790    U1/minusOp_carry_i_7_n_0
    SLICE_X61Y40         CARRY4 (Prop_carry4_S[1]_CO[3])
                                                      0.550     5.340 r  U1/minusOp_carry/CO[3]
                         net (fo=1, routed)           0.000     5.340    U1/minusOp_carry_n_0
    SLICE_X61Y41         CARRY4 (Prop_carry4_CI_O[2])
                                                      0.239     5.579 f  U1/minusOp_carry__0/O[2]
                         net (fo=1, routed)           0.842     6.421    U1/minusOp_carry__0_n_5
    SLICE_X63Y41         LUT6 (Prop_lut6_I5_O)        0.302     6.723 f  U1/U1_i_56/O
                         net (fo=1, routed)           0.818     7.540    U1/U1_i_56_n_0
    SLICE_X64Y40         LUT4 (Prop_lut4_I2_O)        0.124     7.664 f  U1/U1_i_26/O
                         net (fo=1, routed)           0.593     8.257    U1/U1_i_26_n_0
    SLICE_X64Y41         LUT6 (Prop_lut6_I2_O)        0.124     8.381 f  U1/U1_i_12/O
                         net (fo=14, routed)          0.836     9.217    U1/DATA[5]
    SLICE_X64Y44         LUT2 (Prop_lut2_I1_O)        0.150     9.367 f  U1/FSM_sequential_CurrState[1]_i_2/O
                         net (fo=3, routed)           0.592     9.959    U1/FSM_sequential_CurrState[1]_i_2_n_0
    SLICE_X63Y44         LUT6 (Prop_lut6_I5_O)        0.348    10.307 r  U1/temp[0]_i_1/O
                         net (fo=32, routed)          0.831    11.138    temp
    SLICE_X62Y50         FDCE                                         r  temp_reg[30]/CE
  -------------------------------------------------------------------    -------------------

Slack:                    inf
  Source:                 IR_reg[2]/C
                            (rising edge-triggered cell FDCE)
  Destination:            temp_reg[31]/CE
  Path Group:             (none)
  Path Type:              Max at Slow Process Corner
  Data Path Delay:        11.138ns  (logic 3.019ns (27.105%)  route 8.119ns (72.895%))
  Logic Levels:           12  (CARRY4=2 FDCE=1 LUT2=1 LUT3=2 LUT4=1 LUT6=5)

    Location             Delay type                Incr(ns)  Path(ns)    Netlist Resource(s)
  -------------------------------------------------------------------    -------------------
    SLICE_X63Y42         FDCE                         0.000     0.000 r  IR_reg[2]/C
    SLICE_X63Y42         FDCE (Prop_fdce_C_Q)         0.456     0.456 r  IR_reg[2]/Q
                         net (fo=11, routed)          0.668     1.124    U2/Q[2]
    SLICE_X63Y42         LUT3 (Prop_lut3_I2_O)        0.152     1.276 r  U2/minusOp_carry_i_16/O
                         net (fo=2, routed)           0.841     2.117    U2/minusOp_carry_i_16_n_0
    SLICE_X62Y42         LUT6 (Prop_lut6_I5_O)        0.326     2.443 r  U2/minusOp_carry_i_11/O
                         net (fo=8, routed)           1.422     3.864    U2/minusOp_carry_i_11_n_0
    SLICE_X60Y40         LUT6 (Prop_lut6_I3_O)        0.124     3.988 r  U2/minusOp_carry_i_3/O
                         net (fo=10, routed)          0.678     4.666    U1/ALU_A[1]
    SLICE_X61Y40         LUT3 (Prop_lut3_I0_O)        0.124     4.790 r  U1/minusOp_carry_i_7/O
                         net (fo=1, routed)           0.000     4.790    U1/minusOp_carry_i_7_n_0
    SLICE_X61Y40         CARRY4 (Prop_carry4_S[1]_CO[3])
                                                      0.550     5.340 r  U1/minusOp_carry/CO[3]
                         net (fo=1, routed)           0.000     5.340    U1/minusOp_carry_n_0
    SLICE_X61Y41         CARRY4 (Prop_carry4_CI_O[2])
                                                      0.239     5.579 f  U1/minusOp_carry__0/O[2]
                         net (fo=1, routed)           0.842     6.421    U1/minusOp_carry__0_n_5
    SLICE_X63Y41         LUT6 (Prop_lut6_I5_O)        0.302     6.723 f  U1/U1_i_56/O
                         net (fo=1, routed)           0.818     7.540    U1/U1_i_56_n_0
    SLICE_X64Y40         LUT4 (Prop_lut4_I2_O)        0.124     7.664 f  U1/U1_i_26/O
                         net (fo=1, routed)           0.593     8.257    U1/U1_i_26_n_0
    SLICE_X64Y41         LUT6 (Prop_lut6_I2_O)        0.124     8.381 f  U1/U1_i_12/O
                         net (fo=14, routed)          0.836     9.217    U1/DATA[5]
    SLICE_X64Y44         LUT2 (Prop_lut2_I1_O)        0.150     9.367 f  U1/FSM_sequential_CurrState[1]_i_2/O
                         net (fo=3, routed)           0.592     9.959    U1/FSM_sequential_CurrState[1]_i_2_n_0
    SLICE_X63Y44         LUT6 (Prop_lut6_I5_O)        0.348    10.307 r  U1/temp[0]_i_1/O
                         net (fo=32, routed)          0.831    11.138    temp
    SLICE_X62Y50         FDCE                                         r  temp_reg[31]/CE
  -------------------------------------------------------------------    -------------------

Slack:                    inf
  Source:                 IR_reg[2]/C
                            (rising edge-triggered cell FDCE)
  Destination:            PC_reg[6]/CE
  Path Group:             (none)
  Path Type:              Max at Slow Process Corner
  Data Path Delay:        11.056ns  (logic 3.019ns (27.306%)  route 8.037ns (72.694%))
  Logic Levels:           12  (CARRY4=2 FDCE=1 LUT2=1 LUT3=2 LUT4=1 LUT6=5)

    Location             Delay type                Incr(ns)  Path(ns)    Netlist Resource(s)
  -------------------------------------------------------------------    -------------------
    SLICE_X63Y42         FDCE                         0.000     0.000 r  IR_reg[2]/C
    SLICE_X63Y42         FDCE (Prop_fdce_C_Q)         0.456     0.456 r  IR_reg[2]/Q
                         net (fo=11, routed)          0.668     1.124    U2/Q[2]
    SLICE_X63Y42         LUT3 (Prop_lut3_I2_O)        0.152     1.276 r  U2/minusOp_carry_i_16/O
                         net (fo=2, routed)           0.841     2.117    U2/minusOp_carry_i_16_n_0
    SLICE_X62Y42         LUT6 (Prop_lut6_I5_O)        0.326     2.443 r  U2/minusOp_carry_i_11/O
                         net (fo=8, routed)           1.422     3.864    U2/minusOp_carry_i_11_n_0
    SLICE_X60Y40         LUT6 (Prop_lut6_I3_O)        0.124     3.988 r  U2/minusOp_carry_i_3/O
                         net (fo=10, routed)          0.678     4.666    U1/ALU_A[1]
    SLICE_X61Y40         LUT3 (Prop_lut3_I0_O)        0.124     4.790 r  U1/minusOp_carry_i_7/O
                         net (fo=1, routed)           0.000     4.790    U1/minusOp_carry_i_7_n_0
    SLICE_X61Y40         CARRY4 (Prop_carry4_S[1]_CO[3])
                                                      0.550     5.340 r  U1/minusOp_carry/CO[3]
                         net (fo=1, routed)           0.000     5.340    U1/minusOp_carry_n_0
    SLICE_X61Y41         CARRY4 (Prop_carry4_CI_O[2])
                                                      0.239     5.579 f  U1/minusOp_carry__0/O[2]
                         net (fo=1, routed)           0.842     6.421    U1/minusOp_carry__0_n_5
    SLICE_X63Y41         LUT6 (Prop_lut6_I5_O)        0.302     6.723 f  U1/U1_i_56/O
                         net (fo=1, routed)           0.818     7.540    U1/U1_i_56_n_0
    SLICE_X64Y40         LUT4 (Prop_lut4_I2_O)        0.124     7.664 f  U1/U1_i_26/O
                         net (fo=1, routed)           0.593     8.257    U1/U1_i_26_n_0
    SLICE_X64Y41         LUT6 (Prop_lut6_I2_O)        0.124     8.381 f  U1/U1_i_12/O
                         net (fo=14, routed)          0.836     9.217    U1/DATA[5]
    SLICE_X64Y44         LUT2 (Prop_lut2_I1_O)        0.150     9.367 f  U1/FSM_sequential_CurrState[1]_i_2/O
                         net (fo=3, routed)           0.829    10.196    U1/FSM_sequential_CurrState[1]_i_2_n_0
    SLICE_X63Y44         LUT6 (Prop_lut6_I3_O)        0.348    10.544 r  U1/PC[8]_i_1/O
                         net (fo=9, routed)           0.512    11.056    PC
    SLICE_X60Y45         FDCE                                         r  PC_reg[6]/CE
  -------------------------------------------------------------------    -------------------

Slack:                    inf
  Source:                 IR_reg[2]/C
                            (rising edge-triggered cell FDCE)
  Destination:            PC_reg[7]/CE
  Path Group:             (none)
  Path Type:              Max at Slow Process Corner
  Data Path Delay:        11.056ns  (logic 3.019ns (27.306%)  route 8.037ns (72.694%))
  Logic Levels:           12  (CARRY4=2 FDCE=1 LUT2=1 LUT3=2 LUT4=1 LUT6=5)

    Location             Delay type                Incr(ns)  Path(ns)    Netlist Resource(s)
  -------------------------------------------------------------------    -------------------
    SLICE_X63Y42         FDCE                         0.000     0.000 r  IR_reg[2]/C
    SLICE_X63Y42         FDCE (Prop_fdce_C_Q)         0.456     0.456 r  IR_reg[2]/Q
                         net (fo=11, routed)          0.668     1.124    U2/Q[2]
    SLICE_X63Y42         LUT3 (Prop_lut3_I2_O)        0.152     1.276 r  U2/minusOp_carry_i_16/O
                         net (fo=2, routed)           0.841     2.117    U2/minusOp_carry_i_16_n_0
    SLICE_X62Y42         LUT6 (Prop_lut6_I5_O)        0.326     2.443 r  U2/minusOp_carry_i_11/O
                         net (fo=8, routed)           1.422     3.864    U2/minusOp_carry_i_11_n_0
    SLICE_X60Y40         LUT6 (Prop_lut6_I3_O)        0.124     3.988 r  U2/minusOp_carry_i_3/O
                         net (fo=10, routed)          0.678     4.666    U1/ALU_A[1]
    SLICE_X61Y40         LUT3 (Prop_lut3_I0_O)        0.124     4.790 r  U1/minusOp_carry_i_7/O
                         net (fo=1, routed)           0.000     4.790    U1/minusOp_carry_i_7_n_0
    SLICE_X61Y40         CARRY4 (Prop_carry4_S[1]_CO[3])
                                                      0.550     5.340 r  U1/minusOp_carry/CO[3]
                         net (fo=1, routed)           0.000     5.340    U1/minusOp_carry_n_0
    SLICE_X61Y41         CARRY4 (Prop_carry4_CI_O[2])
                                                      0.239     5.579 f  U1/minusOp_carry__0/O[2]
                         net (fo=1, routed)           0.842     6.421    U1/minusOp_carry__0_n_5
    SLICE_X63Y41         LUT6 (Prop_lut6_I5_O)        0.302     6.723 f  U1/U1_i_56/O
                         net (fo=1, routed)           0.818     7.540    U1/U1_i_56_n_0
    SLICE_X64Y40         LUT4 (Prop_lut4_I2_O)        0.124     7.664 f  U1/U1_i_26/O
                         net (fo=1, routed)           0.593     8.257    U1/U1_i_26_n_0
    SLICE_X64Y41         LUT6 (Prop_lut6_I2_O)        0.124     8.381 f  U1/U1_i_12/O
                         net (fo=14, routed)          0.836     9.217    U1/DATA[5]
    SLICE_X64Y44         LUT2 (Prop_lut2_I1_O)        0.150     9.367 f  U1/FSM_sequential_CurrState[1]_i_2/O
                         net (fo=3, routed)           0.829    10.196    U1/FSM_sequential_CurrState[1]_i_2_n_0
    SLICE_X63Y44         LUT6 (Prop_lut6_I3_O)        0.348    10.544 r  U1/PC[8]_i_1/O
                         net (fo=9, routed)           0.512    11.056    PC
    SLICE_X60Y45         FDCE                                         r  PC_reg[7]/CE
  -------------------------------------------------------------------    -------------------

Slack:                    inf
  Source:                 IR_reg[2]/C
                            (rising edge-triggered cell FDCE)
  Destination:            PC_reg[8]/CE
  Path Group:             (none)
  Path Type:              Max at Slow Process Corner
  Data Path Delay:        11.056ns  (logic 3.019ns (27.306%)  route 8.037ns (72.694%))
  Logic Levels:           12  (CARRY4=2 FDCE=1 LUT2=1 LUT3=2 LUT4=1 LUT6=5)

    Location             Delay type                Incr(ns)  Path(ns)    Netlist Resource(s)
  -------------------------------------------------------------------    -------------------
    SLICE_X63Y42         FDCE                         0.000     0.000 r  IR_reg[2]/C
    SLICE_X63Y42         FDCE (Prop_fdce_C_Q)         0.456     0.456 r  IR_reg[2]/Q
                         net (fo=11, routed)          0.668     1.124    U2/Q[2]
    SLICE_X63Y42         LUT3 (Prop_lut3_I2_O)        0.152     1.276 r  U2/minusOp_carry_i_16/O
                         net (fo=2, routed)           0.841     2.117    U2/minusOp_carry_i_16_n_0
    SLICE_X62Y42         LUT6 (Prop_lut6_I5_O)        0.326     2.443 r  U2/minusOp_carry_i_11/O
                         net (fo=8, routed)           1.422     3.864    U2/minusOp_carry_i_11_n_0
    SLICE_X60Y40         LUT6 (Prop_lut6_I3_O)        0.124     3.988 r  U2/minusOp_carry_i_3/O
                         net (fo=10, routed)          0.678     4.666    U1/ALU_A[1]
    SLICE_X61Y40         LUT3 (Prop_lut3_I0_O)        0.124     4.790 r  U1/minusOp_carry_i_7/O
                         net (fo=1, routed)           0.000     4.790    U1/minusOp_carry_i_7_n_0
    SLICE_X61Y40         CARRY4 (Prop_carry4_S[1]_CO[3])
                                                      0.550     5.340 r  U1/minusOp_carry/CO[3]
                         net (fo=1, routed)           0.000     5.340    U1/minusOp_carry_n_0
    SLICE_X61Y41         CARRY4 (Prop_carry4_CI_O[2])
                                                      0.239     5.579 f  U1/minusOp_carry__0/O[2]
                         net (fo=1, routed)           0.842     6.421    U1/minusOp_carry__0_n_5
    SLICE_X63Y41         LUT6 (Prop_lut6_I5_O)        0.302     6.723 f  U1/U1_i_56/O
                         net (fo=1, routed)           0.818     7.540    U1/U1_i_56_n_0
    SLICE_X64Y40         LUT4 (Prop_lut4_I2_O)        0.124     7.664 f  U1/U1_i_26/O
                         net (fo=1, routed)           0.593     8.257    U1/U1_i_26_n_0
    SLICE_X64Y41         LUT6 (Prop_lut6_I2_O)        0.124     8.381 f  U1/U1_i_12/O
                         net (fo=14, routed)          0.836     9.217    U1/DATA[5]
    SLICE_X64Y44         LUT2 (Prop_lut2_I1_O)        0.150     9.367 f  U1/FSM_sequential_CurrState[1]_i_2/O
                         net (fo=3, routed)           0.829    10.196    U1/FSM_sequential_CurrState[1]_i_2_n_0
    SLICE_X63Y44         LUT6 (Prop_lut6_I3_O)        0.348    10.544 r  U1/PC[8]_i_1/O
                         net (fo=9, routed)           0.512    11.056    PC
    SLICE_X60Y45         FDCE                                         r  PC_reg[8]/CE
  -------------------------------------------------------------------    -------------------

Slack:                    inf
  Source:                 IR_reg[2]/C
                            (rising edge-triggered cell FDCE)
  Destination:            temp_reg[20]/CE
  Path Group:             (none)
  Path Type:              Max at Slow Process Corner
  Data Path Delay:        10.995ns  (logic 3.019ns (27.458%)  route 7.976ns (72.542%))
  Logic Levels:           12  (CARRY4=2 FDCE=1 LUT2=1 LUT3=2 LUT4=1 LUT6=5)

    Location             Delay type                Incr(ns)  Path(ns)    Netlist Resource(s)
  -------------------------------------------------------------------    -------------------
    SLICE_X63Y42         FDCE                         0.000     0.000 r  IR_reg[2]/C
    SLICE_X63Y42         FDCE (Prop_fdce_C_Q)         0.456     0.456 r  IR_reg[2]/Q
                         net (fo=11, routed)          0.668     1.124    U2/Q[2]
    SLICE_X63Y42         LUT3 (Prop_lut3_I2_O)        0.152     1.276 r  U2/minusOp_carry_i_16/O
                         net (fo=2, routed)           0.841     2.117    U2/minusOp_carry_i_16_n_0
    SLICE_X62Y42         LUT6 (Prop_lut6_I5_O)        0.326     2.443 r  U2/minusOp_carry_i_11/O
                         net (fo=8, routed)           1.422     3.864    U2/minusOp_carry_i_11_n_0
    SLICE_X60Y40         LUT6 (Prop_lut6_I3_O)        0.124     3.988 r  U2/minusOp_carry_i_3/O
                         net (fo=10, routed)          0.678     4.666    U1/ALU_A[1]
    SLICE_X61Y40         LUT3 (Prop_lut3_I0_O)        0.124     4.790 r  U1/minusOp_carry_i_7/O
                         net (fo=1, routed)           0.000     4.790    U1/minusOp_carry_i_7_n_0
    SLICE_X61Y40         CARRY4 (Prop_carry4_S[1]_CO[3])
                                                      0.550     5.340 r  U1/minusOp_carry/CO[3]
                         net (fo=1, routed)           0.000     5.340    U1/minusOp_carry_n_0
    SLICE_X61Y41         CARRY4 (Prop_carry4_CI_O[2])
                                                      0.239     5.579 f  U1/minusOp_carry__0/O[2]
                         net (fo=1, routed)           0.842     6.421    U1/minusOp_carry__0_n_5
    SLICE_X63Y41         LUT6 (Prop_lut6_I5_O)        0.302     6.723 f  U1/U1_i_56/O
                         net (fo=1, routed)           0.818     7.540    U1/U1_i_56_n_0
    SLICE_X64Y40         LUT4 (Prop_lut4_I2_O)        0.124     7.664 f  U1/U1_i_26/O
                         net (fo=1, routed)           0.593     8.257    U1/U1_i_26_n_0
    SLICE_X64Y41         LUT6 (Prop_lut6_I2_O)        0.124     8.381 f  U1/U1_i_12/O
                         net (fo=14, routed)          0.836     9.217    U1/DATA[5]
    SLICE_X64Y44         LUT2 (Prop_lut2_I1_O)        0.150     9.367 f  U1/FSM_sequential_CurrState[1]_i_2/O
                         net (fo=3, routed)           0.592     9.959    U1/FSM_sequential_CurrState[1]_i_2_n_0
    SLICE_X63Y44         LUT6 (Prop_lut6_I5_O)        0.348    10.307 r  U1/temp[0]_i_1/O
                         net (fo=32, routed)          0.688    10.995    temp
    SLICE_X62Y48         FDCE                                         r  temp_reg[20]/CE
  -------------------------------------------------------------------    -------------------





Min Delay Paths
--------------------------------------------------------------------------------------
Slack:                    inf
  Source:                 PC_reg[1]/C
                            (rising edge-triggered cell FDCE)
  Destination:            PC_reg[1]/D
  Path Group:             (none)
  Path Type:              Min at Fast Process Corner
  Data Path Delay:        0.354ns  (logic 0.186ns (52.507%)  route 0.168ns (47.493%))
  Logic Levels:           2  (FDCE=1 LUT6=1)

    Location             Delay type                Incr(ns)  Path(ns)    Netlist Resource(s)
  -------------------------------------------------------------------    -------------------
    SLICE_X63Y45         FDCE                         0.000     0.000 r  PC_reg[1]/C
    SLICE_X63Y45         FDCE (Prop_fdce_C_Q)         0.141     0.141 r  PC_reg[1]/Q
                         net (fo=7, routed)           0.168     0.309    PC_reg_n_0_[1]
    SLICE_X63Y45         LUT6 (Prop_lut6_I4_O)        0.045     0.354 r  PC[1]_i_1/O
                         net (fo=1, routed)           0.000     0.354    PC[1]_i_1_n_0
    SLICE_X63Y45         FDCE                                         r  PC_reg[1]/D
  -------------------------------------------------------------------    -------------------

Slack:                    inf
  Source:                 PC_reg[3]/C
                            (rising edge-triggered cell FDCE)
  Destination:            PC_reg[4]/D
  Path Group:             (none)
  Path Type:              Min at Fast Process Corner
  Data Path Delay:        0.363ns  (logic 0.246ns (67.782%)  route 0.117ns (32.218%))
  Logic Levels:           2  (FDCE=1 LUT6=1)

    Location             Delay type                Incr(ns)  Path(ns)    Netlist Resource(s)
  -------------------------------------------------------------------    -------------------
    SLICE_X60Y44         FDCE                         0.000     0.000 r  PC_reg[3]/C
    SLICE_X60Y44         FDCE (Prop_fdce_C_Q)         0.148     0.148 r  PC_reg[3]/Q
                         net (fo=5, routed)           0.117     0.265    PC_reg_n_0_[3]
    SLICE_X60Y44         LUT6 (Prop_lut6_I0_O)        0.098     0.363 r  PC[4]_i_1/O
                         net (fo=1, routed)           0.000     0.363    PC[4]_i_1_n_0
    SLICE_X60Y44         FDCE                                         r  PC_reg[4]/D
  -------------------------------------------------------------------    -------------------

Slack:                    inf
  Source:                 PC_reg[0]/C
                            (rising edge-triggered cell FDCE)
  Destination:            PC_reg[0]/D
  Path Group:             (none)
  Path Type:              Min at Fast Process Corner
  Data Path Delay:        0.366ns  (logic 0.186ns (50.768%)  route 0.180ns (49.232%))
  Logic Levels:           2  (FDCE=1 LUT2=1)

    Location             Delay type                Incr(ns)  Path(ns)    Netlist Resource(s)
  -------------------------------------------------------------------    -------------------
    SLICE_X63Y44         FDCE                         0.000     0.000 r  PC_reg[0]/C
    SLICE_X63Y44         FDCE (Prop_fdce_C_Q)         0.141     0.141 f  PC_reg[0]/Q
                         net (fo=8, routed)           0.180     0.321    PC_reg_n_0_[0]
    SLICE_X63Y44         LUT2 (Prop_lut2_I1_O)        0.045     0.366 r  PC[0]_i_1/O
                         net (fo=1, routed)           0.000     0.366    PC[0]_i_1_n_0
    SLICE_X63Y44         FDCE                                         r  PC_reg[0]/D
  -------------------------------------------------------------------    -------------------

Slack:                    inf
  Source:                 temp_reg[10]/C
                            (rising edge-triggered cell FDCE)
  Destination:            temp_reg[10]/D
  Path Group:             (none)
  Path Type:              Min at Fast Process Corner
  Data Path Delay:        0.385ns  (logic 0.252ns (65.529%)  route 0.133ns (34.471%))
  Logic Levels:           2  (CARRY4=1 FDCE=1)

    Location             Delay type                Incr(ns)  Path(ns)    Netlist Resource(s)
  -------------------------------------------------------------------    -------------------
    SLICE_X62Y45         FDCE                         0.000     0.000 r  temp_reg[10]/C
    SLICE_X62Y45         FDCE (Prop_fdce_C_Q)         0.141     0.141 r  temp_reg[10]/Q
                         net (fo=2, routed)           0.133     0.274    temp_reg[10]
    SLICE_X62Y45         CARRY4 (Prop_carry4_S[2]_O[2])
                                                      0.111     0.385 r  temp_reg[8]_i_1/O[2]
                         net (fo=1, routed)           0.000     0.385    temp_reg[8]_i_1_n_5
    SLICE_X62Y45         FDCE                                         r  temp_reg[10]/D
  -------------------------------------------------------------------    -------------------

Slack:                    inf
  Source:                 temp_reg[14]/C
                            (rising edge-triggered cell FDCE)
  Destination:            temp_reg[14]/D
  Path Group:             (none)
  Path Type:              Min at Fast Process Corner
  Data Path Delay:        0.385ns  (logic 0.252ns (65.529%)  route 0.133ns (34.471%))
  Logic Levels:           2  (CARRY4=1 FDCE=1)

    Location             Delay type                Incr(ns)  Path(ns)    Netlist Resource(s)
  -------------------------------------------------------------------    -------------------
    SLICE_X62Y46         FDCE                         0.000     0.000 r  temp_reg[14]/C
    SLICE_X62Y46         FDCE (Prop_fdce_C_Q)         0.141     0.141 r  temp_reg[14]/Q
                         net (fo=2, routed)           0.133     0.274    temp_reg[14]
    SLICE_X62Y46         CARRY4 (Prop_carry4_S[2]_O[2])
                                                      0.111     0.385 r  temp_reg[12]_i_1/O[2]
                         net (fo=1, routed)           0.000     0.385    temp_reg[12]_i_1_n_5
    SLICE_X62Y46         FDCE                                         r  temp_reg[14]/D
  -------------------------------------------------------------------    -------------------

Slack:                    inf
  Source:                 temp_reg[18]/C
                            (rising edge-triggered cell FDCE)
  Destination:            temp_reg[18]/D
  Path Group:             (none)
  Path Type:              Min at Fast Process Corner
  Data Path Delay:        0.385ns  (logic 0.252ns (65.529%)  route 0.133ns (34.471%))
  Logic Levels:           2  (CARRY4=1 FDCE=1)

    Location             Delay type                Incr(ns)  Path(ns)    Netlist Resource(s)
  -------------------------------------------------------------------    -------------------
    SLICE_X62Y47         FDCE                         0.000     0.000 r  temp_reg[18]/C
    SLICE_X62Y47         FDCE (Prop_fdce_C_Q)         0.141     0.141 r  temp_reg[18]/Q
                         net (fo=2, routed)           0.133     0.274    temp_reg[18]
    SLICE_X62Y47         CARRY4 (Prop_carry4_S[2]_O[2])
                                                      0.111     0.385 r  temp_reg[16]_i_1/O[2]
                         net (fo=1, routed)           0.000     0.385    temp_reg[16]_i_1_n_5
    SLICE_X62Y47         FDCE                                         r  temp_reg[18]/D
  -------------------------------------------------------------------    -------------------

Slack:                    inf
  Source:                 temp_reg[22]/C
                            (rising edge-triggered cell FDCE)
  Destination:            temp_reg[22]/D
  Path Group:             (none)
  Path Type:              Min at Fast Process Corner
  Data Path Delay:        0.385ns  (logic 0.252ns (65.529%)  route 0.133ns (34.471%))
  Logic Levels:           2  (CARRY4=1 FDCE=1)

    Location             Delay type                Incr(ns)  Path(ns)    Netlist Resource(s)
  -------------------------------------------------------------------    -------------------
    SLICE_X62Y48         FDCE                         0.000     0.000 r  temp_reg[22]/C
    SLICE_X62Y48         FDCE (Prop_fdce_C_Q)         0.141     0.141 r  temp_reg[22]/Q
                         net (fo=2, routed)           0.133     0.274    temp_reg[22]
    SLICE_X62Y48         CARRY4 (Prop_carry4_S[2]_O[2])
                                                      0.111     0.385 r  temp_reg[20]_i_1/O[2]
                         net (fo=1, routed)           0.000     0.385    temp_reg[20]_i_1_n_5
    SLICE_X62Y48         FDCE                                         r  temp_reg[22]/D
  -------------------------------------------------------------------    -------------------

Slack:                    inf
  Source:                 temp_reg[26]/C
                            (rising edge-triggered cell FDCE)
  Destination:            temp_reg[26]/D
  Path Group:             (none)
  Path Type:              Min at Fast Process Corner
  Data Path Delay:        0.386ns  (logic 0.252ns (65.343%)  route 0.134ns (34.657%))
  Logic Levels:           2  (CARRY4=1 FDCE=1)

    Location             Delay type                Incr(ns)  Path(ns)    Netlist Resource(s)
  -------------------------------------------------------------------    -------------------
    SLICE_X62Y49         FDCE                         0.000     0.000 r  temp_reg[26]/C
    SLICE_X62Y49         FDCE (Prop_fdce_C_Q)         0.141     0.141 r  temp_reg[26]/Q
                         net (fo=3, routed)           0.134     0.275    temp_reg[26]
    SLICE_X62Y49         CARRY4 (Prop_carry4_S[2]_O[2])
                                                      0.111     0.386 r  temp_reg[24]_i_1/O[2]
                         net (fo=1, routed)           0.000     0.386    temp_reg[24]_i_1_n_5
    SLICE_X62Y49         FDCE                                         r  temp_reg[26]/D
  -------------------------------------------------------------------    -------------------

Slack:                    inf
  Source:                 temp_reg[30]/C
                            (rising edge-triggered cell FDCE)
  Destination:            temp_reg[30]/D
  Path Group:             (none)
  Path Type:              Min at Fast Process Corner
  Data Path Delay:        0.386ns  (logic 0.252ns (65.343%)  route 0.134ns (34.657%))
  Logic Levels:           2  (CARRY4=1 FDCE=1)

    Location             Delay type                Incr(ns)  Path(ns)    Netlist Resource(s)
  -------------------------------------------------------------------    -------------------
    SLICE_X62Y50         FDCE                         0.000     0.000 r  temp_reg[30]/C
    SLICE_X62Y50         FDCE (Prop_fdce_C_Q)         0.141     0.141 r  temp_reg[30]/Q
                         net (fo=3, routed)           0.134     0.275    temp_reg[30]
    SLICE_X62Y50         CARRY4 (Prop_carry4_S[2]_O[2])
                                                      0.111     0.386 r  temp_reg[28]_i_1/O[2]
                         net (fo=1, routed)           0.000     0.386    temp_reg[28]_i_1_n_5
    SLICE_X62Y50         FDCE                                         r  temp_reg[30]/D
  -------------------------------------------------------------------    -------------------

Slack:                    inf
  Source:                 PC_reg[8]/C
                            (rising edge-triggered cell FDCE)
  Destination:            PC_reg[8]/D
  Path Group:             (none)
  Path Type:              Min at Fast Process Corner
  Data Path Delay:        0.406ns  (logic 0.249ns (61.256%)  route 0.157ns (38.744%))
  Logic Levels:           2  (FDCE=1 LUT5=1)

    Location             Delay type                Incr(ns)  Path(ns)    Netlist Resource(s)
  -------------------------------------------------------------------    -------------------
    SLICE_X60Y45         FDCE                         0.000     0.000 r  PC_reg[8]/C
    SLICE_X60Y45         FDCE (Prop_fdce_C_Q)         0.148     0.148 r  PC_reg[8]/Q
                         net (fo=2, routed)           0.157     0.305    PC_reg_n_0_[8]
    SLICE_X60Y45         LUT5 (Prop_lut5_I4_O)        0.101     0.406 r  PC[8]_i_2/O
                         net (fo=1, routed)           0.000     0.406    PC[8]_i_2_n_0
    SLICE_X60Y45         FDCE                                         r  PC_reg[8]/D
  -------------------------------------------------------------------    -------------------





