Copyright 1986-2022 Xilinx, Inc. All Rights Reserved. Copyright 2022-2023 Advanced Micro Devices, Inc. All Rights Reserved.
---------------------------------------------------------------------------------------------------------------------------------------------
| Tool Version : Vivado v.2023.1 (win64) Build 3865809 Sun May  7 15:05:29 MDT 2023
| Date         : Thu Apr  9 16:06:04 2026
| Host         : YaseenLaptop running 64-bit major release  (build 9200)
| Command      : report_control_sets -verbose -file top_cpu_disp2_control_sets_placed.rpt
| Design       : top_cpu_disp2
| Device       : xc7s50
---------------------------------------------------------------------------------------------------------------------------------------------

Control Set Information

Table of Contents
-----------------
1. Summary
2. Histogram
3. Flip-Flop Distribution
4. Detailed Control Set Information

1. Summary
----------

+----------------------------------------------------------+-------+
|                          Status                          | Count |
+----------------------------------------------------------+-------+
| Total control sets                                       |    13 |
|    Minimum number of control sets                        |    13 |
|    Addition due to synthesis replication                 |     0 |
|    Addition due to physical synthesis replication        |     0 |
| Unused register locations in slices containing registers |    24 |
+----------------------------------------------------------+-------+
* Control sets can be merged at opt_design using control_set_merge or merge_equivalent_drivers
** Run report_qor_suggestions for automated merging and remapping suggestions


2. Histogram
------------

+--------------------+-------+
|       Fanout       | Count |
+--------------------+-------+
| Total control sets |    13 |
| >= 0 to < 4        |     1 |
| >= 4 to < 6        |     0 |
| >= 6 to < 8        |     0 |
| >= 8 to < 10       |     8 |
| >= 10 to < 12      |     0 |
| >= 12 to < 14      |     0 |
| >= 14 to < 16      |     2 |
| >= 16              |     2 |
+--------------------+-------+
* Control sets can be remapped at either synth_design or opt_design


3. Flip-Flop Distribution
-------------------------

+--------------+-----------------------+------------------------+-----------------+--------------+
| Clock Enable | Synchronous Set/Reset | Asynchronous Set/Reset | Total Registers | Total Slices |
+--------------+-----------------------+------------------------+-----------------+--------------+
| No           | No                    | No                     |               0 |            0 |
| No           | No                    | Yes                    |              27 |           10 |
| No           | Yes                   | No                     |               0 |            0 |
| Yes          | No                    | No                     |               0 |            0 |
| Yes          | No                    | Yes                    |             117 |           31 |
| Yes          | Yes                   | No                     |               0 |            0 |
+--------------+-----------------------+------------------------+-----------------+--------------+


4. Detailed Control Set Information
-----------------------------------

+-----------------+-----------------------------+------------------+------------------+----------------+--------------+
|   Clock Signal  |        Enable Signal        | Set/Reset Signal | Slice Load Count | Bel Load Count | Bels / Slice |
+-----------------+-----------------------------+------------------+------------------+----------------+--------------+
|  U_CLKDIV/CLK   |                             | reset_IBUF       |                1 |              2 |         2.00 |
|  clk_IBUF       |                             | reset_IBUF       |                5 |              8 |         1.60 |
|  clk_IBUF       | U_CPU/A                     | reset_IBUF       |                2 |              8 |         4.00 |
|  clk_IBUF       | U_CPU/B                     | reset_IBUF       |                2 |              8 |         4.00 |
|  clk_IBUF       | U_CPU/IR[7]_i_1_n_0         | reset_IBUF       |                3 |              8 |         2.67 |
|  clk_IBUF       | U_CPU/Outport0[7]_i_1_n_0   | reset_IBUF       |                1 |              8 |         8.00 |
|  clk_IBUF       | U_CPU/Outport1[7]_i_1_n_0   | reset_IBUF       |                2 |              8 |         4.00 |
|  clk_IBUF       | U_CPU/MDR[7]_i_1_n_0        | reset_IBUF       |                2 |              8 |         4.00 |
|  clk_IBUF       | U_CPU/U2/E[0]               | reset_IBUF       |                3 |              9 |         3.00 |
|  clk_IBUF       | U_CPU/BCD0A_Strobe_reg_0[0] | reset_IBUF       |                4 |             14 |         3.50 |
|  clk_IBUF       | U_CPU/E[0]                  | reset_IBUF       |                4 |             14 |         3.50 |
|  mclk_IBUF_BUFG |                             | reset_IBUF       |                4 |             17 |         4.25 |
|  clk_IBUF       | U_CPU/U2/temp               | reset_IBUF       |                8 |             32 |         4.00 |
+-----------------+-----------------------------+------------------+------------------+----------------+--------------+


