Copyright 1986-2022 Xilinx, Inc. All Rights Reserved. Copyright 2022-2023 Advanced Micro Devices, Inc. All Rights Reserved.
------------------------------------------------------------------------------------------------------------------------------------------------------------------------------------------------------------------------------------
| Tool Version : Vivado v.2023.1 (win64) Build 3865809 Sun May  7 15:05:29 MDT 2023
| Date         : Thu Apr  9 16:25:43 2026
| Host         : YaseenLaptop running 64-bit major release  (build 9200)
| Command      : report_timing_summary -max_paths 10 -report_unconstrained -file top_cpu_disp2_timing_summary_routed.rpt -pb top_cpu_disp2_timing_summary_routed.pb -rpx top_cpu_disp2_timing_summary_routed.rpx -warn_on_violation
| Design       : top_cpu_disp2
| Device       : 7s50-csga324
| Speed File   : -1  PRODUCTION 1.23 2018-06-13
| Design State : Routed
------------------------------------------------------------------------------------------------------------------------------------------------------------------------------------------------------------------------------------

Timing Summary Report

------------------------------------------------------------------------------------------------
| Timer Settings
| --------------
------------------------------------------------------------------------------------------------

  Enable Multi Corner Analysis               :  Yes
  Enable Pessimism Removal                   :  Yes
  Pessimism Removal Resolution               :  Nearest Common Node
  Enable Input Delay Default Clock           :  No
  Enable Preset / Clear Arcs                 :  No
  Disable Flight Delays                      :  No
  Ignore I/O Paths                           :  No
  Timing Early Launch at Borrowing Latches   :  No
  Borrow Time for Max Delay Exceptions       :  Yes
  Merge Timing Exceptions                    :  Yes

  Corner  Analyze    Analyze    
  Name    Max Paths  Min Paths  
  ------  ---------  ---------  
  Slow    Yes        Yes        
  Fast    Yes        Yes        


------------------------------------------------------------------------------------------------
| Report Methodology
| ------------------
------------------------------------------------------------------------------------------------

Rule       Severity          Description                  Violations  
---------  ----------------  ---------------------------  ----------  
TIMING-17  Critical Warning  Non-clocked sequential cell  180         

Note: This report is based on the most recent report_methodology run and may not be up-to-date. Run report_methodology on the current design for the latest report.



check_timing report

Table of Contents
-----------------
1. checking no_clock (180)
2. checking constant_clock (0)
3. checking pulse_width_clock (0)
4. checking unconstrained_internal_endpoints (503)
5. checking no_input_delay (17)
6. checking no_output_delay (27)
7. checking multiple_clock (0)
8. checking generated_clocks (0)
9. checking loops (0)
10. checking partial_input_delay (0)
11. checking partial_output_delay (0)
12. checking latch_loops (0)

1. checking no_clock (180)
--------------------------
 There are 43 register/latch pins with no clock driven by root clock pin: mclk (HIGH)

 There are 14 register/latch pins with no clock driven by root clock pin: U_CLKDIV/clk_1khz_r_reg/Q (HIGH)

 There are 123 register/latch pins with no clock driven by root clock pin: U_CPUCLK_DIV/cpu_clk_r_reg/Q (HIGH)


2. checking constant_clock (0)
------------------------------
 There are 0 register/latch pins with constant_clock.


3. checking pulse_width_clock (0)
---------------------------------
 There are 0 register/latch pins which need pulse_width check


4. checking unconstrained_internal_endpoints (503)
--------------------------------------------------
 There are 503 pins that are not constrained for maximum delay. (HIGH)

 There are 0 pins that are not constrained for maximum delay due to constant clock.


5. checking no_input_delay (17)
-------------------------------
 There are 17 input ports with no input delay specified. (HIGH)

 There are 0 input ports with no input delay but user has a false path constraint.


6. checking no_output_delay (27)
--------------------------------
 There are 27 ports with no output delay specified. (HIGH)

 There are 0 ports with no output delay but user has a false path constraint

 There are 0 ports with no output delay but with a timing clock defined on it or propagating through it


7. checking multiple_clock (0)
------------------------------
 There are 0 register/latch pins with multiple clocks.


8. checking generated_clocks (0)
--------------------------------
 There are 0 generated clocks that are not connected to a clock source.


9. checking loops (0)
---------------------
 There are 0 combinational loops in the design.


10. checking partial_input_delay (0)
------------------------------------
 There are 0 input ports with partial input delay specified.


11. checking partial_output_delay (0)
-------------------------------------
 There are 0 ports with partial output delay specified.


12. checking latch_loops (0)
----------------------------
 There are 0 combinational latch loops in the design through latch input



------------------------------------------------------------------------------------------------
| Design Timing Summary
| ---------------------
------------------------------------------------------------------------------------------------

    WNS(ns)      TNS(ns)  TNS Failing Endpoints  TNS Total Endpoints      WHS(ns)      THS(ns)  THS Failing Endpoints  THS Total Endpoints     WPWS(ns)     TPWS(ns)  TPWS Failing Endpoints  TPWS Total Endpoints  
    -------      -------  ---------------------  -------------------      -------      -------  ---------------------  -------------------     --------     --------  ----------------------  --------------------  
        inf        0.000                      0                  530          inf        0.000                      0                  530           NA           NA                      NA                    NA  


There are no user specified timing constraints.


------------------------------------------------------------------------------------------------
| Clock Summary
| -------------
------------------------------------------------------------------------------------------------


------------------------------------------------------------------------------------------------
| Intra Clock Table
| -----------------
------------------------------------------------------------------------------------------------

Clock             WNS(ns)      TNS(ns)  TNS Failing Endpoints  TNS Total Endpoints      WHS(ns)      THS(ns)  THS Failing Endpoints  THS Total Endpoints     WPWS(ns)     TPWS(ns)  TPWS Failing Endpoints  TPWS Total Endpoints  
-----             -------      -------  ---------------------  -------------------      -------      -------  ---------------------  -------------------     --------     --------  ----------------------  --------------------  


------------------------------------------------------------------------------------------------
| Inter Clock Table
| -----------------
------------------------------------------------------------------------------------------------

From Clock    To Clock          WNS(ns)      TNS(ns)  TNS Failing Endpoints  TNS Total Endpoints      WHS(ns)      THS(ns)  THS Failing Endpoints  THS Total Endpoints  
----------    --------          -------      -------  ---------------------  -------------------      -------      -------  ---------------------  -------------------  


------------------------------------------------------------------------------------------------
| Other Path Groups Table
| -----------------------
------------------------------------------------------------------------------------------------

Path Group    From Clock    To Clock          WNS(ns)      TNS(ns)  TNS Failing Endpoints  TNS Total Endpoints      WHS(ns)      THS(ns)  THS Failing Endpoints  THS Total Endpoints  
----------    ----------    --------          -------      -------  ---------------------  -------------------      -------      -------  ---------------------  -------------------  


------------------------------------------------------------------------------------------------
| User Ignored Path Table
| -----------------------
------------------------------------------------------------------------------------------------

Path Group    From Clock    To Clock    
----------    ----------    --------    


------------------------------------------------------------------------------------------------
| Unconstrained Path Table
| ------------------------
------------------------------------------------------------------------------------------------

Path Group    From Clock    To Clock    
----------    ----------    --------    
(none)                                    


------------------------------------------------------------------------------------------------
| Timing Details
| --------------
------------------------------------------------------------------------------------------------


--------------------------------------------------------------------------------------
Path Group:  (none)
From Clock:  
  To Clock:  

Max Delay           530 Endpoints
Min Delay           530 Endpoints
--------------------------------------------------------------------------------------


Max Delay Paths
--------------------------------------------------------------------------------------
Slack:                    inf
  Source:                 U_CPU/FSM_sequential_CurrState_reg[1]/C
                            (rising edge-triggered cell FDCE)
  Destination:            U_CPU/Outport1_reg[3]/D
  Path Group:             (none)
  Path Type:              Max at Slow Process Corner
  Data Path Delay:        9.629ns  (logic 2.132ns (22.141%)  route 7.497ns (77.859%))
  Logic Levels:           7  (CARRY4=1 FDCE=1 LUT3=1 LUT5=1 LUT6=3)

    Location             Delay type                Incr(ns)  Path(ns)    Netlist Resource(s)
  -------------------------------------------------------------------    -------------------
    SLICE_X62Y52         FDCE                         0.000     0.000 r  U_CPU/FSM_sequential_CurrState_reg[1]/C
    SLICE_X62Y52         FDCE (Prop_fdce_C_Q)         0.456     0.456 f  U_CPU/FSM_sequential_CurrState_reg[1]/Q
                         net (fo=35, routed)          1.899     2.355    U_CPU/U2/PC_reg[0][1]
    SLICE_X60Y58         LUT6 (Prop_lut6_I4_O)        0.124     2.479 r  U_CPU/U2/minusOp_carry_i_9/O
                         net (fo=48, routed)          1.039     3.518    U_CPU/U2/IR_reg[7]
    SLICE_X64Y57         LUT5 (Prop_lut5_I1_O)        0.150     3.668 r  U_CPU/U2/minusOp_carry_i_11/O
                         net (fo=18, routed)          1.526     5.194    U_CPU/U1/plusOp_carry_0
    SLICE_X64Y55         LUT3 (Prop_lut3_I0_O)        0.328     5.522 r  U_CPU/U1/plusOp_carry_i_3/O
                         net (fo=1, routed)           0.000     5.522    U_CPU/U1/plusOp_carry_i_3_n_0
    SLICE_X64Y55         CARRY4 (Prop_carry4_S[1]_O[3])
                                                      0.643     6.165 r  U_CPU/U1/plusOp_carry/O[3]
                         net (fo=1, routed)           0.804     6.969    U_CPU/U1/data0[3]
    SLICE_X65Y53         LUT6 (Prop_lut6_I3_O)        0.307     7.276 r  U_CPU/U1/U1_i_45/O
                         net (fo=1, routed)           0.807     8.083    U_CPU/U1/U1_i_45_n_0
    SLICE_X63Y54         LUT6 (Prop_lut6_I1_O)        0.124     8.207 r  U_CPU/U1/U1_i_15/O
                         net (fo=7, routed)           1.422     9.629    U_CPU/DATA[3]
    SLICE_X65Y62         FDCE                                         r  U_CPU/Outport1_reg[3]/D
  -------------------------------------------------------------------    -------------------

Slack:                    inf
  Source:                 U_CPU/FSM_sequential_CurrState_reg[1]/C
                            (rising edge-triggered cell FDCE)
  Destination:            U_CPU/MDR_reg[4]/D
  Path Group:             (none)
  Path Type:              Max at Slow Process Corner
  Data Path Delay:        9.573ns  (logic 2.229ns (23.284%)  route 7.344ns (76.716%))
  Logic Levels:           8  (CARRY4=2 FDCE=1 LUT3=1 LUT5=1 LUT6=3)

    Location             Delay type                Incr(ns)  Path(ns)    Netlist Resource(s)
  -------------------------------------------------------------------    -------------------
    SLICE_X62Y52         FDCE                         0.000     0.000 r  U_CPU/FSM_sequential_CurrState_reg[1]/C
    SLICE_X62Y52         FDCE (Prop_fdce_C_Q)         0.456     0.456 f  U_CPU/FSM_sequential_CurrState_reg[1]/Q
                         net (fo=35, routed)          1.899     2.355    U_CPU/U2/PC_reg[0][1]
    SLICE_X60Y58         LUT6 (Prop_lut6_I4_O)        0.124     2.479 r  U_CPU/U2/minusOp_carry_i_9/O
                         net (fo=48, routed)          1.039     3.518    U_CPU/U2/IR_reg[7]
    SLICE_X64Y57         LUT5 (Prop_lut5_I1_O)        0.150     3.668 r  U_CPU/U2/minusOp_carry_i_11/O
                         net (fo=18, routed)          1.526     5.194    U_CPU/U1/plusOp_carry_0
    SLICE_X64Y55         LUT3 (Prop_lut3_I0_O)        0.328     5.522 r  U_CPU/U1/plusOp_carry_i_3/O
                         net (fo=1, routed)           0.000     5.522    U_CPU/U1/plusOp_carry_i_3_n_0
    SLICE_X64Y55         CARRY4 (Prop_carry4_S[1]_CO[3])
                                                      0.533     6.055 r  U_CPU/U1/plusOp_carry/CO[3]
                         net (fo=1, routed)           0.000     6.055    U_CPU/U1/plusOp_carry_n_0
    SLICE_X64Y56         CARRY4 (Prop_carry4_CI_O[0])
                                                      0.219     6.274 r  U_CPU/U1/plusOp_carry__0/O[0]
                         net (fo=1, routed)           0.437     6.711    U_CPU/U1/data0[4]
    SLICE_X65Y53         LUT6 (Prop_lut6_I3_O)        0.295     7.006 r  U_CPU/U1/U1_i_39/O
                         net (fo=1, routed)           0.906     7.912    U_CPU/U1/U1_i_39_n_0
    SLICE_X64Y57         LUT6 (Prop_lut6_I1_O)        0.124     8.036 r  U_CPU/U1/U1_i_14/O
                         net (fo=7, routed)           1.537     9.573    U_CPU/DATA[4]
    SLICE_X60Y53         FDCE                                         r  U_CPU/MDR_reg[4]/D
  -------------------------------------------------------------------    -------------------

Slack:                    inf
  Source:                 U_CPU/FSM_sequential_CurrState_reg[1]/C
                            (rising edge-triggered cell FDCE)
  Destination:            U_CPU/Outport0_reg[3]/D
  Path Group:             (none)
  Path Type:              Max at Slow Process Corner
  Data Path Delay:        9.487ns  (logic 2.132ns (22.473%)  route 7.355ns (77.527%))
  Logic Levels:           7  (CARRY4=1 FDCE=1 LUT3=1 LUT5=1 LUT6=3)

    Location             Delay type                Incr(ns)  Path(ns)    Netlist Resource(s)
  -------------------------------------------------------------------    -------------------
    SLICE_X62Y52         FDCE                         0.000     0.000 r  U_CPU/FSM_sequential_CurrState_reg[1]/C
    SLICE_X62Y52         FDCE (Prop_fdce_C_Q)         0.456     0.456 f  U_CPU/FSM_sequential_CurrState_reg[1]/Q
                         net (fo=35, routed)          1.899     2.355    U_CPU/U2/PC_reg[0][1]
    SLICE_X60Y58         LUT6 (Prop_lut6_I4_O)        0.124     2.479 r  U_CPU/U2/minusOp_carry_i_9/O
                         net (fo=48, routed)          1.039     3.518    U_CPU/U2/IR_reg[7]
    SLICE_X64Y57         LUT5 (Prop_lut5_I1_O)        0.150     3.668 r  U_CPU/U2/minusOp_carry_i_11/O
                         net (fo=18, routed)          1.526     5.194    U_CPU/U1/plusOp_carry_0
    SLICE_X64Y55         LUT3 (Prop_lut3_I0_O)        0.328     5.522 r  U_CPU/U1/plusOp_carry_i_3/O
                         net (fo=1, routed)           0.000     5.522    U_CPU/U1/plusOp_carry_i_3_n_0
    SLICE_X64Y55         CARRY4 (Prop_carry4_S[1]_O[3])
                                                      0.643     6.165 r  U_CPU/U1/plusOp_carry/O[3]
                         net (fo=1, routed)           0.804     6.969    U_CPU/U1/data0[3]
    SLICE_X65Y53         LUT6 (Prop_lut6_I3_O)        0.307     7.276 r  U_CPU/U1/U1_i_45/O
                         net (fo=1, routed)           0.807     8.083    U_CPU/U1/U1_i_45_n_0
    SLICE_X63Y54         LUT6 (Prop_lut6_I1_O)        0.124     8.207 r  U_CPU/U1/U1_i_15/O
                         net (fo=7, routed)           1.280     9.487    U_CPU/DATA[3]
    SLICE_X64Y62         FDCE                                         r  U_CPU/Outport0_reg[3]/D
  -------------------------------------------------------------------    -------------------

Slack:                    inf
  Source:                 U_CPU/FSM_sequential_CurrState_reg[1]/C
                            (rising edge-triggered cell FDCE)
  Destination:            U_CPU/MDR_reg[2]/D
  Path Group:             (none)
  Path Type:              Max at Slow Process Corner
  Data Path Delay:        9.464ns  (logic 2.061ns (21.778%)  route 7.403ns (78.222%))
  Logic Levels:           7  (CARRY4=1 FDCE=1 LUT3=1 LUT5=1 LUT6=3)

    Location             Delay type                Incr(ns)  Path(ns)    Netlist Resource(s)
  -------------------------------------------------------------------    -------------------
    SLICE_X62Y52         FDCE                         0.000     0.000 r  U_CPU/FSM_sequential_CurrState_reg[1]/C
    SLICE_X62Y52         FDCE (Prop_fdce_C_Q)         0.456     0.456 f  U_CPU/FSM_sequential_CurrState_reg[1]/Q
                         net (fo=35, routed)          1.899     2.355    U_CPU/U2/PC_reg[0][1]
    SLICE_X60Y58         LUT6 (Prop_lut6_I4_O)        0.124     2.479 r  U_CPU/U2/minusOp_carry_i_9/O
                         net (fo=48, routed)          1.039     3.518    U_CPU/U2/IR_reg[7]
    SLICE_X64Y57         LUT5 (Prop_lut5_I1_O)        0.150     3.668 r  U_CPU/U2/minusOp_carry_i_11/O
                         net (fo=18, routed)          1.526     5.194    U_CPU/U1/plusOp_carry_0
    SLICE_X64Y55         LUT3 (Prop_lut3_I0_O)        0.328     5.522 r  U_CPU/U1/plusOp_carry_i_3/O
                         net (fo=1, routed)           0.000     5.522    U_CPU/U1/plusOp_carry_i_3_n_0
    SLICE_X64Y55         CARRY4 (Prop_carry4_S[1]_O[2])
                                                      0.578     6.100 r  U_CPU/U1/plusOp_carry/O[2]
                         net (fo=1, routed)           0.802     6.902    U_CPU/U1/data0[2]
    SLICE_X65Y54         LUT6 (Prop_lut6_I3_O)        0.301     7.203 r  U_CPU/U1/U1_i_51/O
                         net (fo=1, routed)           0.586     7.789    U_CPU/U1/U1_i_51_n_0
    SLICE_X61Y54         LUT6 (Prop_lut6_I1_O)        0.124     7.913 r  U_CPU/U1/U1_i_16/O
                         net (fo=7, routed)           1.551     9.464    U_CPU/DATA[2]
    SLICE_X60Y53         FDCE                                         r  U_CPU/MDR_reg[2]/D
  -------------------------------------------------------------------    -------------------

Slack:                    inf
  Source:                 U_CPU/FSM_sequential_CurrState_reg[1]/C
                            (rising edge-triggered cell FDCE)
  Destination:            U_CPU/IR_reg[3]/D
  Path Group:             (none)
  Path Type:              Max at Slow Process Corner
  Data Path Delay:        9.460ns  (logic 2.132ns (22.538%)  route 7.328ns (77.462%))
  Logic Levels:           7  (CARRY4=1 FDCE=1 LUT3=1 LUT5=1 LUT6=3)

    Location             Delay type                Incr(ns)  Path(ns)    Netlist Resource(s)
  -------------------------------------------------------------------    -------------------
    SLICE_X62Y52         FDCE                         0.000     0.000 r  U_CPU/FSM_sequential_CurrState_reg[1]/C
    SLICE_X62Y52         FDCE (Prop_fdce_C_Q)         0.456     0.456 f  U_CPU/FSM_sequential_CurrState_reg[1]/Q
                         net (fo=35, routed)          1.899     2.355    U_CPU/U2/PC_reg[0][1]
    SLICE_X60Y58         LUT6 (Prop_lut6_I4_O)        0.124     2.479 r  U_CPU/U2/minusOp_carry_i_9/O
                         net (fo=48, routed)          1.039     3.518    U_CPU/U2/IR_reg[7]
    SLICE_X64Y57         LUT5 (Prop_lut5_I1_O)        0.150     3.668 r  U_CPU/U2/minusOp_carry_i_11/O
                         net (fo=18, routed)          1.526     5.194    U_CPU/U1/plusOp_carry_0
    SLICE_X64Y55         LUT3 (Prop_lut3_I0_O)        0.328     5.522 r  U_CPU/U1/plusOp_carry_i_3/O
                         net (fo=1, routed)           0.000     5.522    U_CPU/U1/plusOp_carry_i_3_n_0
    SLICE_X64Y55         CARRY4 (Prop_carry4_S[1]_O[3])
                                                      0.643     6.165 r  U_CPU/U1/plusOp_carry/O[3]
                         net (fo=1, routed)           0.804     6.969    U_CPU/U1/data0[3]
    SLICE_X65Y53         LUT6 (Prop_lut6_I3_O)        0.307     7.276 r  U_CPU/U1/U1_i_45/O
                         net (fo=1, routed)           0.807     8.083    U_CPU/U1/U1_i_45_n_0
    SLICE_X63Y54         LUT6 (Prop_lut6_I1_O)        0.124     8.207 r  U_CPU/U1/U1_i_15/O
                         net (fo=7, routed)           1.253     9.460    U_CPU/DATA[3]
    SLICE_X59Y59         FDCE                                         r  U_CPU/IR_reg[3]/D
  -------------------------------------------------------------------    -------------------

Slack:                    inf
  Source:                 U_CPU/FSM_sequential_CurrState_reg[1]/C
                            (rising edge-triggered cell FDCE)
  Destination:            U_CPU/B_reg[3]/D
  Path Group:             (none)
  Path Type:              Max at Slow Process Corner
  Data Path Delay:        9.263ns  (logic 2.132ns (23.016%)  route 7.131ns (76.984%))
  Logic Levels:           7  (CARRY4=1 FDCE=1 LUT3=1 LUT5=1 LUT6=3)

    Location             Delay type                Incr(ns)  Path(ns)    Netlist Resource(s)
  -------------------------------------------------------------------    -------------------
    SLICE_X62Y52         FDCE                         0.000     0.000 r  U_CPU/FSM_sequential_CurrState_reg[1]/C
    SLICE_X62Y52         FDCE (Prop_fdce_C_Q)         0.456     0.456 f  U_CPU/FSM_sequential_CurrState_reg[1]/Q
                         net (fo=35, routed)          1.899     2.355    U_CPU/U2/PC_reg[0][1]
    SLICE_X60Y58         LUT6 (Prop_lut6_I4_O)        0.124     2.479 r  U_CPU/U2/minusOp_carry_i_9/O
                         net (fo=48, routed)          1.039     3.518    U_CPU/U2/IR_reg[7]
    SLICE_X64Y57         LUT5 (Prop_lut5_I1_O)        0.150     3.668 r  U_CPU/U2/minusOp_carry_i_11/O
                         net (fo=18, routed)          1.526     5.194    U_CPU/U1/plusOp_carry_0
    SLICE_X64Y55         LUT3 (Prop_lut3_I0_O)        0.328     5.522 r  U_CPU/U1/plusOp_carry_i_3/O
                         net (fo=1, routed)           0.000     5.522    U_CPU/U1/plusOp_carry_i_3_n_0
    SLICE_X64Y55         CARRY4 (Prop_carry4_S[1]_O[3])
                                                      0.643     6.165 r  U_CPU/U1/plusOp_carry/O[3]
                         net (fo=1, routed)           0.804     6.969    U_CPU/U1/data0[3]
    SLICE_X65Y53         LUT6 (Prop_lut6_I3_O)        0.307     7.276 r  U_CPU/U1/U1_i_45/O
                         net (fo=1, routed)           0.807     8.083    U_CPU/U1/U1_i_45_n_0
    SLICE_X63Y54         LUT6 (Prop_lut6_I1_O)        0.124     8.207 r  U_CPU/U1/U1_i_15/O
                         net (fo=7, routed)           1.056     9.263    U_CPU/DATA[3]
    SLICE_X61Y59         FDCE                                         r  U_CPU/B_reg[3]/D
  -------------------------------------------------------------------    -------------------

Slack:                    inf
  Source:                 U_CPU/FSM_sequential_CurrState_reg[1]/C
                            (rising edge-triggered cell FDCE)
  Destination:            U_CPU/Outport0_reg[7]/D
  Path Group:             (none)
  Path Type:              Max at Slow Process Corner
  Data Path Delay:        9.255ns  (logic 2.337ns (25.251%)  route 6.918ns (74.749%))
  Logic Levels:           8  (CARRY4=2 FDCE=1 LUT3=1 LUT5=1 LUT6=3)

    Location             Delay type                Incr(ns)  Path(ns)    Netlist Resource(s)
  -------------------------------------------------------------------    -------------------
    SLICE_X62Y52         FDCE                         0.000     0.000 r  U_CPU/FSM_sequential_CurrState_reg[1]/C
    SLICE_X62Y52         FDCE (Prop_fdce_C_Q)         0.456     0.456 f  U_CPU/FSM_sequential_CurrState_reg[1]/Q
                         net (fo=35, routed)          1.899     2.355    U_CPU/U2/PC_reg[0][1]
    SLICE_X60Y58         LUT6 (Prop_lut6_I4_O)        0.124     2.479 r  U_CPU/U2/minusOp_carry_i_9/O
                         net (fo=48, routed)          1.039     3.518    U_CPU/U2/IR_reg[7]
    SLICE_X64Y57         LUT5 (Prop_lut5_I1_O)        0.150     3.668 r  U_CPU/U2/minusOp_carry_i_11/O
                         net (fo=18, routed)          1.526     5.194    U_CPU/U1/plusOp_carry_0
    SLICE_X64Y55         LUT3 (Prop_lut3_I0_O)        0.328     5.522 r  U_CPU/U1/plusOp_carry_i_3/O
                         net (fo=1, routed)           0.000     5.522    U_CPU/U1/plusOp_carry_i_3_n_0
    SLICE_X64Y55         CARRY4 (Prop_carry4_S[1]_CO[3])
                                                      0.533     6.055 r  U_CPU/U1/plusOp_carry/CO[3]
                         net (fo=1, routed)           0.000     6.055    U_CPU/U1/plusOp_carry_n_0
    SLICE_X64Y56         CARRY4 (Prop_carry4_CI_O[3])
                                                      0.315     6.370 r  U_CPU/U1/plusOp_carry__0/O[3]
                         net (fo=1, routed)           0.449     6.819    U_CPU/U1/p_2_in3_in
    SLICE_X65Y53         LUT6 (Prop_lut6_I3_O)        0.307     7.126 r  U_CPU/U1/U1_i_25/O
                         net (fo=1, routed)           0.989     8.115    U_CPU/U1/U1_i_25_n_0
    SLICE_X59Y56         LUT6 (Prop_lut6_I5_O)        0.124     8.239 r  U_CPU/U1/U1_i_11/O
                         net (fo=7, routed)           1.016     9.255    U_CPU/DATA[7]
    SLICE_X64Y62         FDCE                                         r  U_CPU/Outport0_reg[7]/D
  -------------------------------------------------------------------    -------------------

Slack:                    inf
  Source:                 U_CPU/FSM_sequential_CurrState_reg[1]/C
                            (rising edge-triggered cell FDCE)
  Destination:            U_CPU/B_reg[1]/D
  Path Group:             (none)
  Path Type:              Max at Slow Process Corner
  Data Path Delay:        9.230ns  (logic 1.718ns (18.614%)  route 7.512ns (81.386%))
  Logic Levels:           7  (CARRY4=1 FDCE=1 LUT3=1 LUT5=1 LUT6=3)

    Location             Delay type                Incr(ns)  Path(ns)    Netlist Resource(s)
  -------------------------------------------------------------------    -------------------
    SLICE_X62Y52         FDCE                         0.000     0.000 r  U_CPU/FSM_sequential_CurrState_reg[1]/C
    SLICE_X62Y52         FDCE (Prop_fdce_C_Q)         0.456     0.456 f  U_CPU/FSM_sequential_CurrState_reg[1]/Q
                         net (fo=35, routed)          1.899     2.355    U_CPU/U2/PC_reg[0][1]
    SLICE_X60Y58         LUT6 (Prop_lut6_I4_O)        0.124     2.479 r  U_CPU/U2/minusOp_carry_i_9/O
                         net (fo=48, routed)          1.039     3.518    U_CPU/U2/IR_reg[7]
    SLICE_X64Y57         LUT5 (Prop_lut5_I1_O)        0.150     3.668 r  U_CPU/U2/minusOp_carry_i_11/O
                         net (fo=18, routed)          1.526     5.194    U_CPU/U1/plusOp_carry_0
    SLICE_X64Y55         LUT3 (Prop_lut3_I0_O)        0.328     5.522 r  U_CPU/U1/plusOp_carry_i_3/O
                         net (fo=1, routed)           0.000     5.522    U_CPU/U1/plusOp_carry_i_3_n_0
    SLICE_X64Y55         CARRY4 (Prop_carry4_S[1]_O[1])
                                                      0.230     5.752 r  U_CPU/U1/plusOp_carry/O[1]
                         net (fo=1, routed)           0.407     6.160    U_CPU/U1/data0[1]
    SLICE_X65Y53         LUT6 (Prop_lut6_I3_O)        0.306     6.466 r  U_CPU/U1/U1_i_57/O
                         net (fo=1, routed)           1.004     7.469    U_CPU/U1/U1_i_57_n_0
    SLICE_X62Y53         LUT6 (Prop_lut6_I1_O)        0.124     7.593 r  U_CPU/U1/U1_i_17/O
                         net (fo=7, routed)           1.636     9.230    U_CPU/DATA[1]
    SLICE_X61Y60         FDCE                                         r  U_CPU/B_reg[1]/D
  -------------------------------------------------------------------    -------------------

Slack:                    inf
  Source:                 U_CPU/FSM_sequential_CurrState_reg[1]/C
                            (rising edge-triggered cell FDCE)
  Destination:            U_CPU/MDR_reg[7]/D
  Path Group:             (none)
  Path Type:              Max at Slow Process Corner
  Data Path Delay:        9.194ns  (logic 2.337ns (25.419%)  route 6.857ns (74.581%))
  Logic Levels:           8  (CARRY4=2 FDCE=1 LUT3=1 LUT5=1 LUT6=3)

    Location             Delay type                Incr(ns)  Path(ns)    Netlist Resource(s)
  -------------------------------------------------------------------    -------------------
    SLICE_X62Y52         FDCE                         0.000     0.000 r  U_CPU/FSM_sequential_CurrState_reg[1]/C
    SLICE_X62Y52         FDCE (Prop_fdce_C_Q)         0.456     0.456 f  U_CPU/FSM_sequential_CurrState_reg[1]/Q
                         net (fo=35, routed)          1.899     2.355    U_CPU/U2/PC_reg[0][1]
    SLICE_X60Y58         LUT6 (Prop_lut6_I4_O)        0.124     2.479 r  U_CPU/U2/minusOp_carry_i_9/O
                         net (fo=48, routed)          1.039     3.518    U_CPU/U2/IR_reg[7]
    SLICE_X64Y57         LUT5 (Prop_lut5_I1_O)        0.150     3.668 r  U_CPU/U2/minusOp_carry_i_11/O
                         net (fo=18, routed)          1.526     5.194    U_CPU/U1/plusOp_carry_0
    SLICE_X64Y55         LUT3 (Prop_lut3_I0_O)        0.328     5.522 r  U_CPU/U1/plusOp_carry_i_3/O
                         net (fo=1, routed)           0.000     5.522    U_CPU/U1/plusOp_carry_i_3_n_0
    SLICE_X64Y55         CARRY4 (Prop_carry4_S[1]_CO[3])
                                                      0.533     6.055 r  U_CPU/U1/plusOp_carry/CO[3]
                         net (fo=1, routed)           0.000     6.055    U_CPU/U1/plusOp_carry_n_0
    SLICE_X64Y56         CARRY4 (Prop_carry4_CI_O[3])
                                                      0.315     6.370 r  U_CPU/U1/plusOp_carry__0/O[3]
                         net (fo=1, routed)           0.449     6.819    U_CPU/U1/p_2_in3_in
    SLICE_X65Y53         LUT6 (Prop_lut6_I3_O)        0.307     7.126 r  U_CPU/U1/U1_i_25/O
                         net (fo=1, routed)           0.989     8.115    U_CPU/U1/U1_i_25_n_0
    SLICE_X59Y56         LUT6 (Prop_lut6_I5_O)        0.124     8.239 r  U_CPU/U1/U1_i_11/O
                         net (fo=7, routed)           0.955     9.194    U_CPU/DATA[7]
    SLICE_X59Y53         FDCE                                         r  U_CPU/MDR_reg[7]/D
  -------------------------------------------------------------------    -------------------

Slack:                    inf
  Source:                 U_CPU/FSM_sequential_CurrState_reg[1]/C
                            (rising edge-triggered cell FDCE)
  Destination:            U_CPU/U2/U1/U0/inst_blk_mem_gen/gnbram.gnativebmg.native_blk_mem_gen/valid.cstr/ramloop[0].ram.r/prim_init.ram/DEVICE_7SERIES.NO_BMM_INFO.SP.WIDE_PRIM18.ram/DIBDI[8]
  Path Group:             (none)
  Path Type:              Max at Slow Process Corner
  Data Path Delay:        9.191ns  (logic 2.255ns (24.535%)  route 6.936ns (75.465%))
  Logic Levels:           8  (CARRY4=2 FDCE=1 LUT3=1 LUT5=1 LUT6=3)

    Location             Delay type                Incr(ns)  Path(ns)    Netlist Resource(s)
  -------------------------------------------------------------------    -------------------
    SLICE_X62Y52         FDCE                         0.000     0.000 r  U_CPU/FSM_sequential_CurrState_reg[1]/C
    SLICE_X62Y52         FDCE (Prop_fdce_C_Q)         0.456     0.456 f  U_CPU/FSM_sequential_CurrState_reg[1]/Q
                         net (fo=35, routed)          1.899     2.355    U_CPU/U2/PC_reg[0][1]
    SLICE_X60Y58         LUT6 (Prop_lut6_I4_O)        0.124     2.479 r  U_CPU/U2/minusOp_carry_i_9/O
                         net (fo=48, routed)          1.039     3.518    U_CPU/U2/IR_reg[7]
    SLICE_X64Y57         LUT5 (Prop_lut5_I1_O)        0.150     3.668 r  U_CPU/U2/minusOp_carry_i_11/O
                         net (fo=18, routed)          1.526     5.194    U_CPU/U1/plusOp_carry_0
    SLICE_X64Y55         LUT3 (Prop_lut3_I0_O)        0.328     5.522 r  U_CPU/U1/plusOp_carry_i_3/O
                         net (fo=1, routed)           0.000     5.522    U_CPU/U1/plusOp_carry_i_3_n_0
    SLICE_X64Y55         CARRY4 (Prop_carry4_S[1]_CO[3])
                                                      0.533     6.055 r  U_CPU/U1/plusOp_carry/CO[3]
                         net (fo=1, routed)           0.000     6.055    U_CPU/U1/plusOp_carry_n_0
    SLICE_X64Y56         CARRY4 (Prop_carry4_CI_O[2])
                                                      0.239     6.294 r  U_CPU/U1/plusOp_carry__0/O[2]
                         net (fo=1, routed)           0.643     6.937    U_CPU/U1/data0[6]
    SLICE_X65Y55         LUT6 (Prop_lut6_I3_O)        0.301     7.238 r  U_CPU/U1/U1_i_28/O
                         net (fo=1, routed)           0.741     7.979    U_CPU/U1/U1_i_28_n_0
    SLICE_X61Y57         LUT6 (Prop_lut6_I2_O)        0.124     8.103 r  U_CPU/U1/U1_i_12/O
                         net (fo=7, routed)           1.088     9.191    U_CPU/U2/U1/U0/inst_blk_mem_gen/gnbram.gnativebmg.native_blk_mem_gen/valid.cstr/ramloop[0].ram.r/prim_init.ram/dina[6]
    RAMB18_X2Y22         RAMB18E1                                     r  U_CPU/U2/U1/U0/inst_blk_mem_gen/gnbram.gnativebmg.native_blk_mem_gen/valid.cstr/ramloop[0].ram.r/prim_init.ram/DEVICE_7SERIES.NO_BMM_INFO.SP.WIDE_PRIM18.ram/DIBDI[8]
  -------------------------------------------------------------------    -------------------





Min Delay Paths
--------------------------------------------------------------------------------------
Slack:                    inf
  Source:                 U_CPU/BCD0A_Strobe_reg/C
                            (rising edge-triggered cell FDCE)
  Destination:            U_BCD0_MUX/a_hi_r_reg[0]/CE
  Path Group:             (none)
  Path Type:              Min at Fast Process Corner
  Data Path Delay:        0.270ns  (logic 0.141ns (52.297%)  route 0.129ns (47.703%))
  Logic Levels:           1  (FDCE=1)

    Location             Delay type                Incr(ns)  Path(ns)    Netlist Resource(s)
  -------------------------------------------------------------------    -------------------
    SLICE_X62Y59         FDCE                         0.000     0.000 r  U_CPU/BCD0A_Strobe_reg/C
    SLICE_X62Y59         FDCE (Prop_fdce_C_Q)         0.141     0.141 r  U_CPU/BCD0A_Strobe_reg/Q
                         net (fo=14, routed)          0.129     0.270    U_BCD0_MUX/a_hi_r_reg[6]_1[0]
    SLICE_X64Y59         FDPE                                         r  U_BCD0_MUX/a_hi_r_reg[0]/CE
  -------------------------------------------------------------------    -------------------

Slack:                    inf
  Source:                 U_CPU/BCD0A_Strobe_reg/C
                            (rising edge-triggered cell FDCE)
  Destination:            U_BCD0_MUX/a_hi_r_reg[1]/CE
  Path Group:             (none)
  Path Type:              Min at Fast Process Corner
  Data Path Delay:        0.270ns  (logic 0.141ns (52.297%)  route 0.129ns (47.703%))
  Logic Levels:           1  (FDCE=1)

    Location             Delay type                Incr(ns)  Path(ns)    Netlist Resource(s)
  -------------------------------------------------------------------    -------------------
    SLICE_X62Y59         FDCE                         0.000     0.000 r  U_CPU/BCD0A_Strobe_reg/C
    SLICE_X62Y59         FDCE (Prop_fdce_C_Q)         0.141     0.141 r  U_CPU/BCD0A_Strobe_reg/Q
                         net (fo=14, routed)          0.129     0.270    U_BCD0_MUX/a_hi_r_reg[6]_1[0]
    SLICE_X64Y59         FDPE                                         r  U_BCD0_MUX/a_hi_r_reg[1]/CE
  -------------------------------------------------------------------    -------------------

Slack:                    inf
  Source:                 U_CPU/BCD0A_Strobe_reg/C
                            (rising edge-triggered cell FDCE)
  Destination:            U_BCD0_MUX/a_hi_r_reg[2]/CE
  Path Group:             (none)
  Path Type:              Min at Fast Process Corner
  Data Path Delay:        0.270ns  (logic 0.141ns (52.297%)  route 0.129ns (47.703%))
  Logic Levels:           1  (FDCE=1)

    Location             Delay type                Incr(ns)  Path(ns)    Netlist Resource(s)
  -------------------------------------------------------------------    -------------------
    SLICE_X62Y59         FDCE                         0.000     0.000 r  U_CPU/BCD0A_Strobe_reg/C
    SLICE_X62Y59         FDCE (Prop_fdce_C_Q)         0.141     0.141 r  U_CPU/BCD0A_Strobe_reg/Q
                         net (fo=14, routed)          0.129     0.270    U_BCD0_MUX/a_hi_r_reg[6]_1[0]
    SLICE_X64Y59         FDPE                                         r  U_BCD0_MUX/a_hi_r_reg[2]/CE
  -------------------------------------------------------------------    -------------------

Slack:                    inf
  Source:                 U_CPU/BCD0A_Strobe_reg/C
                            (rising edge-triggered cell FDCE)
  Destination:            U_BCD0_MUX/a_hi_r_reg[3]/CE
  Path Group:             (none)
  Path Type:              Min at Fast Process Corner
  Data Path Delay:        0.270ns  (logic 0.141ns (52.297%)  route 0.129ns (47.703%))
  Logic Levels:           1  (FDCE=1)

    Location             Delay type                Incr(ns)  Path(ns)    Netlist Resource(s)
  -------------------------------------------------------------------    -------------------
    SLICE_X62Y59         FDCE                         0.000     0.000 r  U_CPU/BCD0A_Strobe_reg/C
    SLICE_X62Y59         FDCE (Prop_fdce_C_Q)         0.141     0.141 r  U_CPU/BCD0A_Strobe_reg/Q
                         net (fo=14, routed)          0.129     0.270    U_BCD0_MUX/a_hi_r_reg[6]_1[0]
    SLICE_X64Y59         FDPE                                         r  U_BCD0_MUX/a_hi_r_reg[3]/CE
  -------------------------------------------------------------------    -------------------

Slack:                    inf
  Source:                 U_CPU/BCD0A_Strobe_reg/C
                            (rising edge-triggered cell FDCE)
  Destination:            U_BCD0_MUX/a_lo_r_reg[0]/CE
  Path Group:             (none)
  Path Type:              Min at Fast Process Corner
  Data Path Delay:        0.270ns  (logic 0.141ns (52.297%)  route 0.129ns (47.703%))
  Logic Levels:           1  (FDCE=1)

    Location             Delay type                Incr(ns)  Path(ns)    Netlist Resource(s)
  -------------------------------------------------------------------    -------------------
    SLICE_X62Y59         FDCE                         0.000     0.000 r  U_CPU/BCD0A_Strobe_reg/C
    SLICE_X62Y59         FDCE (Prop_fdce_C_Q)         0.141     0.141 r  U_CPU/BCD0A_Strobe_reg/Q
                         net (fo=14, routed)          0.129     0.270    U_BCD0_MUX/a_hi_r_reg[6]_1[0]
    SLICE_X64Y59         FDPE                                         r  U_BCD0_MUX/a_lo_r_reg[0]/CE
  -------------------------------------------------------------------    -------------------

Slack:                    inf
  Source:                 U_CPU/BCD0A_Strobe_reg/C
                            (rising edge-triggered cell FDCE)
  Destination:            U_BCD0_MUX/a_lo_r_reg[1]/CE
  Path Group:             (none)
  Path Type:              Min at Fast Process Corner
  Data Path Delay:        0.270ns  (logic 0.141ns (52.297%)  route 0.129ns (47.703%))
  Logic Levels:           1  (FDCE=1)

    Location             Delay type                Incr(ns)  Path(ns)    Netlist Resource(s)
  -------------------------------------------------------------------    -------------------
    SLICE_X62Y59         FDCE                         0.000     0.000 r  U_CPU/BCD0A_Strobe_reg/C
    SLICE_X62Y59         FDCE (Prop_fdce_C_Q)         0.141     0.141 r  U_CPU/BCD0A_Strobe_reg/Q
                         net (fo=14, routed)          0.129     0.270    U_BCD0_MUX/a_hi_r_reg[6]_1[0]
    SLICE_X64Y59         FDPE                                         r  U_BCD0_MUX/a_lo_r_reg[1]/CE
  -------------------------------------------------------------------    -------------------

Slack:                    inf
  Source:                 U_CPU/BCD0A_Strobe_reg/C
                            (rising edge-triggered cell FDCE)
  Destination:            U_BCD0_MUX/a_lo_r_reg[2]/CE
  Path Group:             (none)
  Path Type:              Min at Fast Process Corner
  Data Path Delay:        0.270ns  (logic 0.141ns (52.297%)  route 0.129ns (47.703%))
  Logic Levels:           1  (FDCE=1)

    Location             Delay type                Incr(ns)  Path(ns)    Netlist Resource(s)
  -------------------------------------------------------------------    -------------------
    SLICE_X62Y59         FDCE                         0.000     0.000 r  U_CPU/BCD0A_Strobe_reg/C
    SLICE_X62Y59         FDCE (Prop_fdce_C_Q)         0.141     0.141 r  U_CPU/BCD0A_Strobe_reg/Q
                         net (fo=14, routed)          0.129     0.270    U_BCD0_MUX/a_hi_r_reg[6]_1[0]
    SLICE_X64Y59         FDPE                                         r  U_BCD0_MUX/a_lo_r_reg[2]/CE
  -------------------------------------------------------------------    -------------------

Slack:                    inf
  Source:                 U_CPU/BCD0A_Strobe_reg/C
                            (rising edge-triggered cell FDCE)
  Destination:            U_BCD0_MUX/a_lo_r_reg[3]/CE
  Path Group:             (none)
  Path Type:              Min at Fast Process Corner
  Data Path Delay:        0.270ns  (logic 0.141ns (52.297%)  route 0.129ns (47.703%))
  Logic Levels:           1  (FDCE=1)

    Location             Delay type                Incr(ns)  Path(ns)    Netlist Resource(s)
  -------------------------------------------------------------------    -------------------
    SLICE_X62Y59         FDCE                         0.000     0.000 r  U_CPU/BCD0A_Strobe_reg/C
    SLICE_X62Y59         FDCE (Prop_fdce_C_Q)         0.141     0.141 r  U_CPU/BCD0A_Strobe_reg/Q
                         net (fo=14, routed)          0.129     0.270    U_BCD0_MUX/a_hi_r_reg[6]_1[0]
    SLICE_X64Y59         FDPE                                         r  U_BCD0_MUX/a_lo_r_reg[3]/CE
  -------------------------------------------------------------------    -------------------

Slack:                    inf
  Source:                 U_CPU/Debounce0_reg[0]/C
                            (rising edge-triggered cell FDCE)
  Destination:            U_CPU/Debounce0_reg[5]/D
  Path Group:             (none)
  Path Type:              Min at Fast Process Corner
  Data Path Delay:        0.277ns  (logic 0.186ns (67.042%)  route 0.091ns (32.958%))
  Logic Levels:           2  (FDCE=1 LUT4=1)

    Location             Delay type                Incr(ns)  Path(ns)    Netlist Resource(s)
  -------------------------------------------------------------------    -------------------
    SLICE_X63Y51         FDCE                         0.000     0.000 r  U_CPU/Debounce0_reg[0]/C
    SLICE_X63Y51         FDCE (Prop_fdce_C_Q)         0.141     0.141 r  U_CPU/Debounce0_reg[0]/Q
                         net (fo=7, routed)           0.091     0.232    U_CPU/Debounce0_reg_n_0_[0]
    SLICE_X62Y51         LUT4 (Prop_lut4_I0_O)        0.045     0.277 r  U_CPU/Debounce0[5]_i_1/O
                         net (fo=1, routed)           0.000     0.277    U_CPU/Debounce0[5]_i_1_n_0
    SLICE_X62Y51         FDPE                                         r  U_CPU/Debounce0_reg[5]/D
  -------------------------------------------------------------------    -------------------

Slack:                    inf
  Source:                 U_CPU/BCD0A_Strobe_reg/C
                            (rising edge-triggered cell FDCE)
  Destination:            U_BCD0_MUX/a_hi_r_reg[4]/CE
  Path Group:             (none)
  Path Type:              Min at Fast Process Corner
  Data Path Delay:        0.285ns  (logic 0.141ns (49.472%)  route 0.144ns (50.528%))
  Logic Levels:           1  (FDCE=1)

    Location             Delay type                Incr(ns)  Path(ns)    Netlist Resource(s)
  -------------------------------------------------------------------    -------------------
    SLICE_X62Y59         FDCE                         0.000     0.000 r  U_CPU/BCD0A_Strobe_reg/C
    SLICE_X62Y59         FDCE (Prop_fdce_C_Q)         0.141     0.141 r  U_CPU/BCD0A_Strobe_reg/Q
                         net (fo=14, routed)          0.144     0.285    U_BCD0_MUX/a_hi_r_reg[6]_1[0]
    SLICE_X63Y59         FDPE                                         r  U_BCD0_MUX/a_hi_r_reg[4]/CE
  -------------------------------------------------------------------    -------------------





