
*** Running vivado
    with args -log cpu.vds -m64 -product Vivado -mode batch -messageDb vivado.pb -notrace -source cpu.tcl


ECHO is off.
ECHO is off.

****** Vivado v2023.1 (64-bit)
  **** SW Build 3865809 on Sun May  7 15:05:29 MDT 2023
  **** IP Build 3864474 on Sun May  7 20:36:21 MDT 2023
  **** SharedData Build 3865790 on Sun May 07 13:33:03 MDT 2023
    ** Copyright 1986-2022 Xilinx, Inc. All Rights Reserved.
    ** Copyright 2022-2023 Advanced Micro Devices, Inc. All Rights Reserved.

source cpu.tcl -notrace
create_project: Time (s): cpu = 00:00:08 ; elapsed = 00:00:11 . Memory (MB): peak = 450.605 ; gain = 165.414
Command: read_checkpoint -auto_incremental -incremental C:/Users/yelar/Desktop/cpu/cpu.srcs/utils_1/imports/synth_1/cpu.dcp
INFO: [Vivado 12-5825] Read reference checkpoint from C:/Users/yelar/Desktop/cpu/cpu.srcs/utils_1/imports/synth_1/cpu.dcp for incremental synthesis
INFO: [Vivado 12-7989] Please ensure there are no constraint changes
Command: synth_design -top cpu -part xc7s50csga324-1
Starting synth_design
Attempting to get a license for feature 'Synthesis' and/or device 'xc7s50'
INFO: [Common 17-349] Got license for feature 'Synthesis' and/or device 'xc7s50'
INFO: [Device 21-403] Loading part xc7s50csga324-1
INFO: [Designutils 20-5440] No compile time benefit to using incremental synthesis; A full resynthesis will be run
INFO: [Designutils 20-4379] Flow is switching to default flow due to incremental criteria not met. If you would like to alter this behaviour and have the flow terminate instead, please set the following parameter config_implementation {autoIncr.Synth.RejectBehavior Terminate}
INFO: [Synth 8-7079] Multithreading enabled for synth_design using a maximum of 2 processes.
INFO: [Synth 8-7078] Launching helper process for spawning children vivado processes
INFO: [Synth 8-7075] Helper process launched with PID 17792
---------------------------------------------------------------------------------
Starting RTL Elaboration : Time (s): cpu = 00:00:05 ; elapsed = 00:00:06 . Memory (MB): peak = 1269.648 ; gain = 410.781
---------------------------------------------------------------------------------
INFO: [Synth 8-638] synthesizing module 'cpu' [C:/Users/yelar/Desktop/cpu/cpu.srcs/sources_1/new/cpu.vhd:45]
INFO: [Synth 8-3491] module 'alu' declared at 'C:/Users/yelar/Desktop/cpu/cpu.srcs/sources_1/new/alu.vhd:38' bound to instance 'U1' of component 'alu' [C:/Users/yelar/Desktop/cpu/cpu.srcs/sources_1/new/cpu.vhd:120]
INFO: [Synth 8-638] synthesizing module 'alu' [C:/Users/yelar/Desktop/cpu/cpu.srcs/sources_1/new/alu.vhd:45]
INFO: [Synth 8-256] done synthesizing module 'alu' (0#1) [C:/Users/yelar/Desktop/cpu/cpu.srcs/sources_1/new/alu.vhd:45]
INFO: [Synth 8-3491] module 'microram' declared at 'C:/Users/yelar/Desktop/cpu/cpu.srcs/sources_1/new/microram.vhd:37' bound to instance 'U2' of component 'microram' [C:/Users/yelar/Desktop/cpu/cpu.srcs/sources_1/new/cpu.vhd:126]
INFO: [Synth 8-638] synthesizing module 'microram' [C:/Users/yelar/Desktop/cpu/cpu.srcs/sources_1/new/microram.vhd:46]
INFO: [Synth 8-3491] module 'cpuram' declared at 'C:/Users/yelar/Desktop/cpu/cpu.runs/synth_1/.Xil/Vivado-23144-YaseenLaptop/realtime/cpuram_stub.vhdl:6' bound to instance 'U1' of component 'cpuram' [C:/Users/yelar/Desktop/cpu/cpu.srcs/sources_1/new/microram.vhd:60]
INFO: [Synth 8-638] synthesizing module 'cpuram' [C:/Users/yelar/Desktop/cpu/cpu.runs/synth_1/.Xil/Vivado-23144-YaseenLaptop/realtime/cpuram_stub.vhdl:17]
INFO: [Synth 8-256] done synthesizing module 'microram' (0#1) [C:/Users/yelar/Desktop/cpu/cpu.srcs/sources_1/new/microram.vhd:46]
INFO: [Synth 8-226] default block is never used [C:/Users/yelar/Desktop/cpu/cpu.srcs/sources_1/new/cpu.vhd:143]
INFO: [Synth 8-226] default block is never used [C:/Users/yelar/Desktop/cpu/cpu.srcs/sources_1/new/cpu.vhd:170]
INFO: [Synth 8-256] done synthesizing module 'cpu' (0#1) [C:/Users/yelar/Desktop/cpu/cpu.srcs/sources_1/new/cpu.vhd:45]
WARNING: [Synth 8-6014] Unused sequential element V_reg was removed.  [C:/Users/yelar/Desktop/cpu/cpu.srcs/sources_1/new/cpu.vhd:165]
WARNING: [Synth 8-6014] Unused sequential element N_reg was removed.  [C:/Users/yelar/Desktop/cpu/cpu.srcs/sources_1/new/cpu.vhd:163]
WARNING: [Synth 8-6014] Unused sequential element Z_reg was removed.  [C:/Users/yelar/Desktop/cpu/cpu.srcs/sources_1/new/cpu.vhd:164]
---------------------------------------------------------------------------------
Finished RTL Elaboration : Time (s): cpu = 00:00:06 ; elapsed = 00:00:08 . Memory (MB): peak = 1365.133 ; gain = 506.266
---------------------------------------------------------------------------------
---------------------------------------------------------------------------------
Start Handling Custom Attributes
---------------------------------------------------------------------------------
---------------------------------------------------------------------------------
Finished Handling Custom Attributes : Time (s): cpu = 00:00:06 ; elapsed = 00:00:08 . Memory (MB): peak = 1365.133 ; gain = 506.266
---------------------------------------------------------------------------------
---------------------------------------------------------------------------------
Finished RTL Optimization Phase 1 : Time (s): cpu = 00:00:06 ; elapsed = 00:00:08 . Memory (MB): peak = 1365.133 ; gain = 506.266
---------------------------------------------------------------------------------
Netlist sorting complete. Time (s): cpu = 00:00:00 ; elapsed = 00:00:00.003 . Memory (MB): peak = 1365.133 ; gain = 0.000
INFO: [Project 1-570] Preparing netlist for logic optimization

Processing XDC Constraints
Initializing timing engine
Parsing XDC File [c:/Users/yelar/Desktop/cpu/cpu.gen/sources_1/ip/cpuram/cpuram/cpuram_in_context.xdc] for cell 'U2/U1'
Finished Parsing XDC File [c:/Users/yelar/Desktop/cpu/cpu.gen/sources_1/ip/cpuram/cpuram/cpuram_in_context.xdc] for cell 'U2/U1'
Parsing XDC File [C:/Users/yelar/Desktop/cpu/cpu.srcs/constrs_1/new/cpu_pins.xdc]
Finished Parsing XDC File [C:/Users/yelar/Desktop/cpu/cpu.srcs/constrs_1/new/cpu_pins.xdc]
INFO: [Project 1-236] Implementation specific constraints were found while reading constraint file [C:/Users/yelar/Desktop/cpu/cpu.srcs/constrs_1/new/cpu_pins.xdc]. These constraints will be ignored for synthesis but will be used in implementation. Impacted constraints are listed in the file [.Xil/cpu_propImpl.xdc].
Resolution: To avoid this warning, move constraints listed in [.Xil/cpu_propImpl.xdc] to another XDC file and exclude this new file from synthesis with the used_in_synthesis property (File Properties dialog in GUI) and re-run elaboration/synthesis.
Completed Processing XDC Constraints

Netlist sorting complete. Time (s): cpu = 00:00:00 ; elapsed = 00:00:00 . Memory (MB): peak = 1469.480 ; gain = 0.000
INFO: [Project 1-111] Unisim Transformation Summary:
No Unisim elements were transformed.

Constraint Validation Runtime : Time (s): cpu = 00:00:00 ; elapsed = 00:00:00.004 . Memory (MB): peak = 1469.480 ; gain = 0.000
INFO: [Designutils 20-5440] No compile time benefit to using incremental synthesis; A full resynthesis will be run
INFO: [Designutils 20-4379] Flow is switching to default flow due to incremental criteria not met. If you would like to alter this behaviour and have the flow terminate instead, please set the following parameter config_implementation {autoIncr.Synth.RejectBehavior Terminate}
---------------------------------------------------------------------------------
Finished Constraint Validation : Time (s): cpu = 00:00:14 ; elapsed = 00:00:17 . Memory (MB): peak = 1469.480 ; gain = 610.613
---------------------------------------------------------------------------------
---------------------------------------------------------------------------------
Start Loading Part and Timing Information
---------------------------------------------------------------------------------
Loading part: xc7s50csga324-1
---------------------------------------------------------------------------------
Finished Loading Part and Timing Information : Time (s): cpu = 00:00:14 ; elapsed = 00:00:17 . Memory (MB): peak = 1469.480 ; gain = 610.613
---------------------------------------------------------------------------------
---------------------------------------------------------------------------------
Start Applying 'set_property' XDC Constraints
---------------------------------------------------------------------------------
Applied set_property CLOCK_BUFFER_TYPE = NONE for clk. (constraint file  C:/Users/yelar/Desktop/cpu/cpu.srcs/constrs_1/new/cpu_pins.xdc, line 5).
Applied set_property KEEP_HIERARCHY = SOFT for U2/U1. (constraint file  auto generated constraint).
---------------------------------------------------------------------------------
Finished applying 'set_property' XDC Constraints : Time (s): cpu = 00:00:14 ; elapsed = 00:00:17 . Memory (MB): peak = 1469.480 ; gain = 610.613
---------------------------------------------------------------------------------
INFO: [Synth 8-802] inferred FSM for state register 'CurrState_reg' in module 'cpu'
---------------------------------------------------------------------------------------------------
                   State |                     New Encoding |                Previous Encoding 
---------------------------------------------------------------------------------------------------
                   fetch |                               00 |                               00
                 operand |                               01 |                               01
                  memory |                               10 |                               10
                 execute |                               11 |                               11
---------------------------------------------------------------------------------------------------
INFO: [Synth 8-3354] encoded FSM with state register 'CurrState_reg' using encoding 'sequential' in module 'cpu'
---------------------------------------------------------------------------------
Finished RTL Optimization Phase 2 : Time (s): cpu = 00:00:14 ; elapsed = 00:00:17 . Memory (MB): peak = 1469.480 ; gain = 610.613
---------------------------------------------------------------------------------
---------------------------------------------------------------------------------
Start RTL Component Statistics 
---------------------------------------------------------------------------------
Detailed RTL Component Info : 
+---Adders : 
	   2 Input    9 Bit       Adders := 1     
	   2 Input    8 Bit       Adders := 2     
	   3 Input    8 Bit       Adders := 1     
+---XORs : 
	   2 Input      8 Bit         XORs := 1     
+---Registers : 
	                9 Bit    Registers := 1     
	                8 Bit    Registers := 6     
+---Muxes : 
	   2 Input    9 Bit        Muxes := 1     
	   4 Input    9 Bit        Muxes := 2     
	   2 Input    8 Bit        Muxes := 2     
	   4 Input    8 Bit        Muxes := 1     
	   3 Input    8 Bit        Muxes := 2     
	   7 Input    2 Bit        Muxes := 1     
	   4 Input    2 Bit        Muxes := 1     
	   2 Input    2 Bit        Muxes := 1     
	   9 Input    1 Bit        Muxes := 1     
	   2 Input    1 Bit        Muxes := 4     
	   7 Input    1 Bit        Muxes := 2     
	   3 Input    1 Bit        Muxes := 2     
	   4 Input    1 Bit        Muxes := 8     
---------------------------------------------------------------------------------
Finished RTL Component Statistics 
---------------------------------------------------------------------------------
---------------------------------------------------------------------------------
Start Part Resource Summary
---------------------------------------------------------------------------------
Part Resources:
DSPs: 120 (col length:60)
BRAMs: 150 (col length: RAMB18 60 RAMB36 30)
---------------------------------------------------------------------------------
Finished Part Resource Summary
---------------------------------------------------------------------------------
---------------------------------------------------------------------------------
Start Cross Boundary and Area Optimization
---------------------------------------------------------------------------------
WARNING: [Synth 8-7080] Parallel synthesis criteria is not met
---------------------------------------------------------------------------------
Finished Cross Boundary and Area Optimization : Time (s): cpu = 00:00:18 ; elapsed = 00:00:21 . Memory (MB): peak = 1469.480 ; gain = 610.613
---------------------------------------------------------------------------------
---------------------------------------------------------------------------------
Start Applying XDC Timing Constraints
---------------------------------------------------------------------------------
---------------------------------------------------------------------------------
Finished Applying XDC Timing Constraints : Time (s): cpu = 00:00:23 ; elapsed = 00:00:27 . Memory (MB): peak = 1469.480 ; gain = 610.613
---------------------------------------------------------------------------------
---------------------------------------------------------------------------------
Start Timing Optimization
---------------------------------------------------------------------------------
---------------------------------------------------------------------------------
Finished Timing Optimization : Time (s): cpu = 00:00:23 ; elapsed = 00:00:27 . Memory (MB): peak = 1469.480 ; gain = 610.613
---------------------------------------------------------------------------------
---------------------------------------------------------------------------------
Start Technology Mapping
---------------------------------------------------------------------------------
---------------------------------------------------------------------------------
Finished Technology Mapping : Time (s): cpu = 00:00:24 ; elapsed = 00:00:27 . Memory (MB): peak = 1469.480 ; gain = 610.613
---------------------------------------------------------------------------------
---------------------------------------------------------------------------------
Start IO Insertion
---------------------------------------------------------------------------------
---------------------------------------------------------------------------------
Start Flattening Before IO Insertion
---------------------------------------------------------------------------------
---------------------------------------------------------------------------------
Finished Flattening Before IO Insertion
---------------------------------------------------------------------------------
---------------------------------------------------------------------------------
Start Final Netlist Cleanup
---------------------------------------------------------------------------------
---------------------------------------------------------------------------------
Finished Final Netlist Cleanup
---------------------------------------------------------------------------------
---------------------------------------------------------------------------------
Finished IO Insertion : Time (s): cpu = 00:00:28 ; elapsed = 00:00:32 . Memory (MB): peak = 1469.480 ; gain = 610.613
---------------------------------------------------------------------------------
---------------------------------------------------------------------------------
Start Renaming Generated Instances
---------------------------------------------------------------------------------
---------------------------------------------------------------------------------
Finished Renaming Generated Instances : Time (s): cpu = 00:00:28 ; elapsed = 00:00:32 . Memory (MB): peak = 1469.480 ; gain = 610.613
---------------------------------------------------------------------------------
---------------------------------------------------------------------------------
Start Rebuilding User Hierarchy
---------------------------------------------------------------------------------
---------------------------------------------------------------------------------
Finished Rebuilding User Hierarchy : Time (s): cpu = 00:00:28 ; elapsed = 00:00:32 . Memory (MB): peak = 1469.480 ; gain = 610.613
---------------------------------------------------------------------------------
---------------------------------------------------------------------------------
Start Renaming Generated Ports
---------------------------------------------------------------------------------
---------------------------------------------------------------------------------
Finished Renaming Generated Ports : Time (s): cpu = 00:00:28 ; elapsed = 00:00:32 . Memory (MB): peak = 1469.480 ; gain = 610.613
---------------------------------------------------------------------------------
---------------------------------------------------------------------------------
Start Handling Custom Attributes
---------------------------------------------------------------------------------
---------------------------------------------------------------------------------
Finished Handling Custom Attributes : Time (s): cpu = 00:00:28 ; elapsed = 00:00:32 . Memory (MB): peak = 1469.480 ; gain = 610.613
---------------------------------------------------------------------------------
---------------------------------------------------------------------------------
Start Renaming Generated Nets
---------------------------------------------------------------------------------
---------------------------------------------------------------------------------
Finished Renaming Generated Nets : Time (s): cpu = 00:00:28 ; elapsed = 00:00:32 . Memory (MB): peak = 1469.480 ; gain = 610.613
---------------------------------------------------------------------------------
---------------------------------------------------------------------------------
Start Writing Synthesis Report
---------------------------------------------------------------------------------

Report BlackBoxes: 
+------+--------------+----------+
|      |BlackBox name |Instances |
+------+--------------+----------+
|1     |cpuram        |         1|
+------+--------------+----------+

Report Cell Usage: 
+------+------------+------+
|      |Cell        |Count |
+------+------------+------+
|1     |cpuram_bbox |     1|
|2     |CARRY4      |    12|
|3     |LUT1        |     4|
|4     |LUT2        |     7|
|5     |LUT3        |    13|
|6     |LUT4        |    28|
|7     |LUT5        |    22|
|8     |LUT6        |    63|
|9     |MUXF7       |     2|
|10    |FDCE        |    90|
|11    |FDPE        |     1|
|12    |IBUF        |    18|
|13    |OBUF        |    16|
+------+------------+------+
---------------------------------------------------------------------------------
Finished Writing Synthesis Report : Time (s): cpu = 00:00:28 ; elapsed = 00:00:32 . Memory (MB): peak = 1469.480 ; gain = 610.613
---------------------------------------------------------------------------------
Synthesis finished with 0 errors, 0 critical warnings and 1 warnings.
Synthesis Optimization Runtime : Time (s): cpu = 00:00:20 ; elapsed = 00:00:30 . Memory (MB): peak = 1469.480 ; gain = 506.266
Synthesis Optimization Complete : Time (s): cpu = 00:00:28 ; elapsed = 00:00:32 . Memory (MB): peak = 1469.480 ; gain = 610.613
INFO: [Project 1-571] Translating synthesized netlist
Netlist sorting complete. Time (s): cpu = 00:00:00 ; elapsed = 00:00:00.004 . Memory (MB): peak = 1469.480 ; gain = 0.000
INFO: [Netlist 29-17] Analyzing 14 Unisim elements for replacement
INFO: [Netlist 29-28] Unisim Transformation completed in 0 CPU seconds
INFO: [Project 1-570] Preparing netlist for logic optimization
INFO: [Opt 31-138] Pushed 0 inverter(s) to 0 load pin(s).
Netlist sorting complete. Time (s): cpu = 00:00:00 ; elapsed = 00:00:00.001 . Memory (MB): peak = 1469.480 ; gain = 0.000
INFO: [Project 1-111] Unisim Transformation Summary:
No Unisim elements were transformed.

Synth Design complete | Checksum: 7caa031a
INFO: [Common 17-83] Releasing license: Synthesis
35 Infos, 4 Warnings, 0 Critical Warnings and 0 Errors encountered.
synth_design completed successfully
synth_design: Time (s): cpu = 00:00:33 ; elapsed = 00:00:57 . Memory (MB): peak = 1469.480 ; gain = 989.332
INFO: [Common 17-1381] The checkpoint 'C:/Users/yelar/Desktop/cpu/cpu.runs/synth_1/cpu.dcp' has been generated.
INFO: [runtcl-4] Executing : report_utilization -file cpu_utilization_synth.rpt -pb cpu_utilization_synth.pb
INFO: [Common 17-206] Exiting Vivado at Wed Apr  8 15:51:33 2026...
